Component: ARM Compiler 5.06 update 6 (build 750) Tool: armlink [4d35ed]

==============================================================================

Section Cross References

    main.o(i.HAL_TIM_PeriodElapsedCallback) refers to stm32f4xx_hal.o(i.HAL_IncTick) for HAL_IncTick
    main.o(i.HAL_TIM_PeriodElapsedCallback) refers to stm32f4xx_hal_gpio.o(i.HAL_GPIO_TogglePin) for HAL_GPIO_TogglePin
    main.o(i.HAL_TIM_PeriodElapsedCallback) refers to queue.o(i.xQueueGiveFromISR) for xQueueGiveFromISR
    main.o(i.HAL_TIM_PeriodElapsedCallback) refers to usart.o(i.UsartPrintf) for UsartPrintf
    main.o(i.HAL_TIM_PeriodElapsedCallback) refers to tim.o(.bss) for htim2
    main.o(i.HAL_TIM_PeriodElapsedCallback) refers to main.o(.data) for .data
    main.o(i.HAL_TIM_PeriodElapsedCallback) refers to freertos.o(.data) for tim2_BinaryHandle
    main.o(i.HAL_TIM_PeriodElapsedCallback) refers to usart.o(.bss) for huart1
    main.o(i.SystemClock_Config) refers to rt_memclr_w.o(.text) for __aeabi_memclr4
    main.o(i.SystemClock_Config) refers to stm32f4xx_hal_rcc.o(i.HAL_RCC_OscConfig) for HAL_RCC_OscConfig
    main.o(i.SystemClock_Config) refers to stm32f4xx_hal_rcc.o(i.HAL_RCC_ClockConfig) for HAL_RCC_ClockConfig
    main.o(i.main) refers to stm32f4xx_hal.o(i.HAL_Init) for HAL_Init
    main.o(i.main) refers to main.o(i.SystemClock_Config) for SystemClock_Config
    main.o(i.main) refers to gpio.o(i.MX_GPIO_Init) for MX_GPIO_Init
    main.o(i.main) refers to dma.o(i.MX_DMA_Init) for MX_DMA_Init
    main.o(i.main) refers to tim.o(i.MX_TIM2_Init) for MX_TIM2_Init
    main.o(i.main) refers to tim.o(i.MX_TIM3_Init) for MX_TIM3_Init
    main.o(i.main) refers to tim.o(i.MX_TIM4_Init) for MX_TIM4_Init
    main.o(i.main) refers to usart.o(i.MX_USART1_UART_Init) for MX_USART1_UART_Init
    main.o(i.main) refers to usart.o(i.MX_USART2_UART_Init) for MX_USART2_UART_Init
    main.o(i.main) refers to tim.o(i.MX_TIM5_Init) for MX_TIM5_Init
    main.o(i.main) refers to stm32f4xx_hal_uart.o(i.HAL_UART_Receive_DMA) for HAL_UART_Receive_DMA
    main.o(i.main) refers to esp8266.o(i.ESP8266_Init) for ESP8266_Init
    main.o(i.main) refers to stm32f4xx_hal.o(i.HAL_Delay) for HAL_Delay
    main.o(i.main) refers to onenet.o(i.OneNet_DevLink) for OneNet_DevLink
    main.o(i.main) refers to usart.o(i.UsartPrintf) for UsartPrintf
    main.o(i.main) refers to onenet.o(i.OneNet_Subscribe) for OneNet_Subscribe
    main.o(i.main) refers to stm32f4xx_hal_tim.o(i.HAL_TIM_PWM_Start) for HAL_TIM_PWM_Start
    main.o(i.main) refers to stm32f4xx_hal_tim.o(i.HAL_TIM_Encoder_Start) for HAL_TIM_Encoder_Start
    main.o(i.main) refers to stm32f4xx_hal_tim.o(i.HAL_TIM_Base_Start_IT) for HAL_TIM_Base_Start_IT
    main.o(i.main) refers to stm32f4xx_hal_gpio.o(i.HAL_GPIO_WritePin) for HAL_GPIO_WritePin
    main.o(i.main) refers to cmsis_os2.o(i.osKernelInitialize) for osKernelInitialize
    main.o(i.main) refers to freertos.o(i.MX_FREERTOS_Init) for MX_FREERTOS_Init
    main.o(i.main) refers to cmsis_os2.o(i.osKernelStart) for osKernelStart
    main.o(i.main) refers to onenet.o(i.OneNet_Publish) for OneNet_Publish
    main.o(i.main) refers to esp8266.o(i.ESP8266_Clear) for ESP8266_Clear
    main.o(i.main) refers to esp8266.o(i.ESP8266_GetIPD) for ESP8266_GetIPD
    main.o(i.main) refers to onenet.o(i.OneNet_RevPro) for OneNet_RevPro
    main.o(i.main) refers to usart.o(.bss) for huart2
    main.o(i.main) refers to esp8266.o(.bss) for esp8266_buf
    main.o(i.main) refers to main.o(.data) for .data
    main.o(i.main) refers to tim.o(.bss) for htim5
    main.o(i.main) refers to main.o(.constdata) for .constdata
    main.o(.data) refers to main.o(.conststring) for .conststring
    gpio.o(i.MX_GPIO_Init) refers to rt_memclr_w.o(.text) for __aeabi_memclr4
    gpio.o(i.MX_GPIO_Init) refers to stm32f4xx_hal_gpio.o(i.HAL_GPIO_WritePin) for HAL_GPIO_WritePin
    gpio.o(i.MX_GPIO_Init) refers to stm32f4xx_hal_gpio.o(i.HAL_GPIO_Init) for HAL_GPIO_Init
    freertos.o(i.MX_FREERTOS_Init) refers to cmsis_os2.o(i.osSemaphoreNew) for osSemaphoreNew
    freertos.o(i.MX_FREERTOS_Init) refers to cmsis_os2.o(i.osThreadNew) for osThreadNew
    freertos.o(i.MX_FREERTOS_Init) refers to freertos.o(.constdata) for .constdata
    freertos.o(i.MX_FREERTOS_Init) refers to freertos.o(.data) for .data
    freertos.o(i.MX_FREERTOS_Init) refers to freertos.o(i.StartDefaultTask) for StartDefaultTask
    freertos.o(i.MX_FREERTOS_Init) refers to freertos.o(i.Task_high) for Task_high
    freertos.o(i.MX_FREERTOS_Init) refers to freertos.o(i.Task_middle) for Task_middle
    freertos.o(i.StartDefaultTask) refers to queue.o(i.xQueueReceiveFromISR) for xQueueReceiveFromISR
    freertos.o(i.StartDefaultTask) refers to cmsis_os2.o(i.osDelay) for osDelay
    freertos.o(i.StartDefaultTask) refers to freertos.o(.data) for .data
    freertos.o(i.Task_high) refers to usart.o(i.UsartPrintf) for UsartPrintf
    freertos.o(i.Task_high) refers to onenet.o(i.OneNet_Publish) for OneNet_Publish
[...]
    HAL_TIM_IC_CaptureCallback               0x08004543   Thumb Code     2  stm32f4xx_hal_tim.o(i.HAL_TIM_IC_CaptureCallback)
    HAL_TIM_IRQHandler                       0x08004545   Thumb Code   358  stm32f4xx_hal_tim.o(i.HAL_TIM_IRQHandler)
    HAL_TIM_MspPostInit                      0x080046ad   Thumb Code    68  tim.o(i.HAL_TIM_MspPostInit)
    HAL_TIM_OC_DelayElapsedCallback          0x080046fd   Thumb Code     2  stm32f4xx_hal_tim.o(i.HAL_TIM_OC_DelayElapsedCallback)
    HAL_TIM_PWM_ConfigChannel                0x080046ff   Thumb Code   204  stm32f4xx_hal_tim.o(i.HAL_TIM_PWM_ConfigChannel)
    HAL_TIM_PWM_Init                         0x080047cb   Thumb Code    90  stm32f4xx_hal_tim.o(i.HAL_TIM_PWM_Init)
    HAL_TIM_PWM_MspInit                      0x08004825   Thumb Code     2  stm32f4xx_hal_tim.o(i.HAL_TIM_PWM_MspInit)
    HAL_TIM_PWM_PulseFinishedCallback        0x08004827   Thumb Code     2  stm32f4xx_hal_tim.o(i.HAL_TIM_PWM_PulseFinishedCallback)
    HAL_TIM_PWM_Start                        0x08004829   Thumb Code   156  stm32f4xx_hal_tim.o(i.HAL_TIM_PWM_Start)
    HAL_TIM_PeriodElapsedCallback            0x080048d9   Thumb Code   160  main.o(i.HAL_TIM_PeriodElapsedCallback)
    HAL_TIM_TriggerCallback                  0x08004a09   Thumb Code     2  stm32f4xx_hal_tim.o(i.HAL_TIM_TriggerCallback)
    HAL_UARTEx_RxEventCallback               0x08004a0b   Thumb Code     2  stm32f4xx_hal_uart.o(i.HAL_UARTEx_RxEventCallback)
    HAL_UART_DMAStop                         0x08004a0d   Thumb Code   112  stm32f4xx_hal_uart.o(i.HAL_UART_DMAStop)
    HAL_UART_ErrorCallback                   0x08004a7d   Thumb Code     2  stm32f4xx_hal_uart.o(i.HAL_UART_ErrorCallback)
    HAL_UART_IRQHandler                      0x08004a81   Thumb Code   610  stm32f4xx_hal_uart.o(i.HAL_UART_IRQHandler)
    HAL_UART_Init                            0x08004ce9   Thumb Code    98  stm32f4xx_hal_uart.o(i.HAL_UART_Init)
    HAL_UART_MspInit                         0x08004d4d   Thumb Code   280  usart.o(i.HAL_UART_MspInit)
    HAL_UART_Receive_DMA                     0x08004e7d   Thumb Code    42  stm32f4xx_hal_uart.o(i.HAL_UART_Receive_DMA)
    HAL_UART_RxCpltCallback                  0x08004ea7   Thumb Code     2  stm32f4xx_hal_uart.o(i.HAL_UART_RxCpltCallback)
    HAL_UART_RxHalfCpltCallback              0x08004ea9   Thumb Code     2  stm32f4xx_hal_uart.o(i.HAL_UART_RxHalfCpltCallback)
    HAL_UART_Transmit                        0x08004ead   Thumb Code   178  stm32f4xx_hal_uart.o(i.HAL_UART_Transmit)
    HAL_UART_TxCpltCallback                  0x08004f5f   Thumb Code     2  stm32f4xx_hal_uart.o(i.HAL_UART_TxCpltCallback)
    HardFault_Handler                        0x08004f61   Thumb Code     2  stm32f4xx_it.o(i.HardFault_Handler)
    MQTT_DeleteBuffer                        0x08004f63   Thumb Code    28  mqttkit.o(i.MQTT_DeleteBuffer)
    MQTT_DumpLength                          0x08004f81   Thumb Code    38  mqttkit.o(i.MQTT_DumpLength)
    MQTT_NewBuffer                           0x08004fa7   Thumb Code    82  mqttkit.o(i.MQTT_NewBuffer)
    MQTT_PacketCmdResp                       0x08004ff9   Thumb Code   114  mqttkit.o(i.MQTT_PacketCmdResp)
    MQTT_PacketConnect                       0x08005075   Thumb Code   606  mqttkit.o(i.MQTT_PacketConnect)
    MQTT_PacketPublish                       0x080052d9   Thumb Code   346  mqttkit.o(i.MQTT_PacketPublish)
    MQTT_PacketPublishComp                   0x08005433   Thumb Code    70  mqttkit.o(i.MQTT_PacketPublishComp)
    MQTT_PacketPublishRel                    0x08005479   Thumb Code    70  mqttkit.o(i.MQTT_PacketPublishRel)
    MQTT_PacketSubscribe                     0x080054bf   Thumb Code   218  mqttkit.o(i.MQTT_PacketSubscribe)
    MQTT_ReadLength                          0x08005599   Thumb Code    62  mqttkit.o(i.MQTT_ReadLength)
    MQTT_UnPacketCmd                         0x080055d7   Thumb Code   130  mqttkit.o(i.MQTT_UnPacketCmd)
    MQTT_UnPacketConnectAck                  0x08005659   Thumb Code    26  mqttkit.o(i.MQTT_UnPacketConnectAck)
    MQTT_UnPacketPublish                     0x08005675   Thumb Code   328  mqttkit.o(i.MQTT_UnPacketPublish)
    MQTT_UnPacketPublishAck                  0x080057c5   Thumb Code    24  mqttkit.o(i.MQTT_UnPacketPublishAck)
    MQTT_UnPacketPublishComp                 0x080057dd   Thumb Code    24  mqttkit.o(i.MQTT_UnPacketPublishComp)
    MQTT_UnPacketPublishRec                  0x080057f5   Thumb Code    24  mqttkit.o(i.MQTT_UnPacketPublishRec)
    MQTT_UnPacketPublishRel                  0x0800580d   Thumb Code    30  mqttkit.o(i.MQTT_UnPacketPublishRel)
    MQTT_UnPacketRecv                        0x0800582d   Thumb Code    86  mqttkit.o(i.MQTT_UnPacketRecv)
    MQTT_UnPacketSubscribe                   0x0800588d   Thumb Code    44  mqttkit.o(i.MQTT_UnPacketSubscribe)
    MQTT_UnPacketUnSubscribe                 0x080058b9   Thumb Code    18  mqttkit.o(i.MQTT_UnPacketUnSubscribe)
    MX_DMA_Init                              0x080058cd   Thumb Code    56  dma.o(i.MX_DMA_Init)
    MX_FREERTOS_Init                         0x08005909   Thumb Code    74  freertos.o(i.MX_FREERTOS_Init)
    MX_GPIO_Init                             0x08005969   Thumb Code   190  gpio.o(i.MX_GPIO_Init)
    MX_TIM2_Init                             0x08005a39   Thumb Code    98  tim.o(i.MX_TIM2_Init)
    MX_TIM3_Init                             0x08005aa1   Thumb Code    98  tim.o(i.MX_TIM3_Init)
    MX_TIM4_Init                             0x08005b0d   Thumb Code    98  tim.o(i.MX_TIM4_Init)
    MX_TIM5_Init                             0x08005b79   Thumb Code   160  tim.o(i.MX_TIM5_Init)
    MX_USART1_UART_Init                      0x08005c21   Thumb Code    48  usart.o(i.MX_USART1_UART_Init)
    MX_USART2_UART_Init                      0x08005c59   Thumb Code    48  usart.o(i.MX_USART2_UART_Init)
    MemManage_Handler                        0x08005c91   Thumb Code     2  stm32f4xx_it.o(i.MemManage_Handler)
    NMI_Handler                              0x08005c93   Thumb Code     2  stm32f4xx_it.o(i.NMI_Handler)
    OneNet_DevLink                           0x08005c95   Thumb Code   170  onenet.o(i.OneNet_DevLink)
    OneNet_Publish                           0x08005e91   Thumb Code    86  onenet.o(i.OneNet_Publish)
    OneNet_RevPro                            0x08005f0d   Thumb Code   608  onenet.o(i.OneNet_RevPro)
    OneNet_Subscribe                         0x08006325   Thumb Code    80  onenet.o(i.OneNet_Subscribe)
    StartDefaultTask                         0x08006391   Thumb Code    24  freertos.o(i.StartDefaultTask)
    SysTick_Handler                          0x080063ad   Thumb Code    26  cmsis_os2.o(i.SysTick_Handler)
    SystemClock_Config                       0x080063c9   Thumb Code   140  main.o(i.SystemClock_Config)
    SystemInit                               0x0800645d   Thumb Code    12  system_stm32f4xx.o(i.SystemInit)
    TIM1_TRG_COM_TIM11_IRQHandler            0x0800646d   Thumb Code     6  stm32f4xx_it.o(i.TIM1_TRG_COM_TIM11_IRQHandler)
    TIM2_IRQHandler                          0x08006479   Thumb Code     6  stm32f4xx_it.o(i.TIM2_IRQHandler)
    TIM3_IRQHandler                          0x08006485   Thumb Code     6  stm32f4xx_it.o(i.TIM3_IRQHandler)
    TIM4_IRQHandler                          0x08006491   Thumb Code     6  stm32f4xx_it.o(i.TIM4_IRQHandler)
    TIM_Base_SetConfig                       0x0800649d   Thumb Code   122  stm32f4xx_hal_tim.o(i.TIM_Base_SetConfig)
    TIM_CCxChannelCmd                        0x08006535   Thumb Code    26  stm32f4xx_hal_tim.o(i.TIM_CCxChannelCmd)
    TIM_ETR_SetConfig                        0x0800654f   Thumb Code    20  stm32f4xx_hal_tim.o(i.TIM_ETR_SetConfig)
    TIM_OC2_SetConfig                        0x080065c5   Thumb Code    84  stm32f4xx_hal_tim.o(i.TIM_OC2_SetConfig)
    Task_high                                0x08006701   Thumb Code    70  freertos.o(i.Task_high)
    Task_middle                              0x08006781   Thumb Code     8  freertos.o(i.Task_middle)
    UART_Start_Receive_DMA                   0x08006ab5   Thumb Code   134  stm32f4xx_hal_uart.o(i.UART_Start_Receive_DMA)
    USART2_IRQHandler                        0x08006bc1   Thumb Code    82  stm32f4xx_it.o(i.USART2_IRQHandler)
    UsageFault_Handler                       0x08006c2d   Thumb Code     2  stm32f4xx_it.o(i.UsageFault_Handler)
    UsartPrintf                              0x08006c31   Thumb Code    40  usart.o(i.UsartPrintf)
    Usart_SendString                         0x08006c5d   Thumb Code     8  usart.o(i.Usart_SendString)
    __ARM_fpclassify                         0x08006c65   Thumb Code    48  fpclassify.o(i.__ARM_fpclassify)
    __hardfp___mathlib_tofloat               0x08006cb9   Thumb Code   232  narrow.o(i.__hardfp___mathlib_tofloat)
    __hardfp_ldexp                           0x08006db1   Thumb Code   200  ldexp.o(i.__hardfp_ldexp)
    __hardfp_strtod                          0x08006e81   Thumb Code    30  strtod.o(i.__hardfp_strtod)
    __mathlib_dbl_overflow                   0x08006ea9   Thumb Code    24  dunder.o(i.__mathlib_dbl_overflow)
    __mathlib_dbl_underflow                  0x08006ec9   Thumb Code    24  dunder.o(i.__mathlib_dbl_underflow)
    __mathlib_narrow                         0x08006ee9   Thumb Code    18  narrow.o(i.__mathlib_narrow)
    __support_ldexp                          0x08006efb   Thumb Code    20  ldexp.o(i.__support_ldexp)
    _is_digit                                0x08006f0f   Thumb Code    14  __printf_wp.o(i._is_digit)
    cJSON_Delete                             0x08006f4d   Thumb Code    66  cjson.o(i.cJSON_Delete)
    cJSON_GetErrorPtr                        0x08006f95   Thumb Code    10  cjson.o(i.cJSON_GetErrorPtr)
    cJSON_GetObjectItem                      0x08006fa5   Thumb Code     6  cjson.o(i.cJSON_GetObjectItem)
    cJSON_Parse                              0x08006fc1   Thumb Code     8  cjson.o(i.cJSON_Parse)
    cJSON_ParseWithLengthOpts                0x08006fc9   Thumb Code   210  cjson.o(i.cJSON_ParseWithLengthOpts)
    cJSON_ParseWithOpts                      0x080070a5   Thumb Code    34  cjson.o(i.cJSON_ParseWithOpts)
    frexp                                    0x080070c9   Thumb Code   118  frexp.o(i.frexp)
    main                                     0x080071d1   Thumb Code   296  main.o(i.main)
    osDelay                                  0x0800735d   Thumb Code    26  cmsis_os2.o(i.osDelay)
    osKernelInitialize                       0x08007379   Thumb Code    32  cmsis_os2.o(i.osKernelInitialize)
    osKernelStart                            0x0800739d   Thumb Code    48  cmsis_os2.o(i.osKernelStart)
    osSemaphoreNew                           0x080073d5   Thumb Code   152  cmsis_os2.o(i.osSemaphoreNew)
    osThreadNew                              0x0800746d   Thumb Code   138  cmsis_os2.o(i.osThreadNew)
    pvPortMalloc                             0x080081b1   Thumb Code   216  heap_4.o(i.pvPortMalloc)
    pxPortInitialiseStack                    0x0800828d   Thumb Code    40  port.o(i.pxPortInitialiseStack)
    uxListRemove                             0x0800838b   Thumb Code    38  list.o(i.uxListRemove)
    vApplicationGetIdleTaskMemory            0x080083b1   Thumb Code    16  cmsis_os2.o(i.vApplicationGetIdleTaskMemory)
    vApplicationGetTimerTaskMemory           0x080083c5   Thumb Code    18  cmsis_os2.o(i.vApplicationGetTimerTaskMemory)
    vListInitialise                          0x080083dd   Thumb Code    22  list.o(i.vListInitialise)
    vListInitialiseItem                      0x080083f3   Thumb Code     6  list.o(i.vListInitialiseItem)
    vListInsert                              0x080083f9   Thumb Code    48  list.o(i.vListInsert)
    vListInsertEnd                           0x08008429   Thumb Code    24  list.o(i.vListInsertEnd)
    vPortEnterCritical                       0x08008441   Thumb Code    54  port.o(i.vPortEnterCritical)
    vPortExitCritical                        0x08008481   Thumb Code    34  port.o(i.vPortExitCritical)
    vPortFree                                0x080084a9   Thumb Code    94  heap_4.o(i.vPortFree)
    vPortSetupTimerInterrupt                 0x0800850d   Thumb Code    32  port.o(i.vPortSetupTimerInterrupt)
    vPortValidateInterruptPriority           0x08008531   Thumb Code    74  port.o(i.vPortValidateInterruptPriority)
    vQueueAddToRegistry                      0x08008585   Thumb Code    34  queue.o(i.vQueueAddToRegistry)
    vQueueDelete                             0x080085ad   Thumb Code    46  queue.o(i.vQueueDelete)
    vQueueUnregisterQueue                    0x080085dd   Thumb Code    36  queue.o(i.vQueueUnregisterQueue)
    vQueueWaitForMessageRestricted           0x08008605   Thumb Code    68  queue.o(i.vQueueWaitForMessageRestricted)
    vTaskDelay                               0x08008649   Thumb Code    66  tasks.o(i.vTaskDelay)
    vTaskInternalSetTimeOutState             0x08008695   Thumb Code    12  tasks.o(i.vTaskInternalSetTimeOutState)
    vTaskMissedYield                         0x080086a5   Thumb Code     8  tasks.o(i.vTaskMissedYield)
    vTaskPlaceOnEventList                    0x080086b1   Thumb Code    44  tasks.o(i.vTaskPlaceOnEventList)
    vTaskPlaceOnEventListRestricted          0x080086e1   Thumb Code    52  tasks.o(i.vTaskPlaceOnEventListRestricted)
    vTaskStartScheduler                      0x08008719   Thumb Code   118  tasks.o(i.vTaskStartScheduler)
    vTaskSuspendAll                          0x080087a1   Thumb Code    10  tasks.o(i.vTaskSuspendAll)
    vTaskSwitchContext                       0x080087b1   Thumb Code    90  tasks.o(i.vTaskSwitchContext)
    xPortStartScheduler                      0x08008815   Thumb Code   222  port.o(i.xPortStartScheduler)
    xPortSysTickHandler                      0x08008909   Thumb Code    38  port.o(i.xPortSysTickHandler)
    xQueueCreateCountingSemaphore            0x08008935   Thumb Code    58  queue.o(i.xQueueCreateCountingSemaphore)
    xQueueCreateCountingSemaphoreStatic      0x0800896f   Thumb Code    64  queue.o(i.xQueueCreateCountingSemaphoreStatic)
    xQueueGenericCreate                      0x080089af   Thumb Code    66  queue.o(i.xQueueGenericCreate)
    xQueueGenericCreateStatic                0x080089f1   Thumb Code   102  queue.o(i.xQueueGenericCreateStatic)
    xQueueGenericReset                       0x08008a59   Thumb Code   132  queue.o(i.xQueueGenericReset)
    xQueueGenericSend                        0x08008ae1   Thumb Code   346  queue.o(i.xQueueGenericSend)
    xQueueGenericSendFromISR                 0x08008c41   Thumb Code   190  queue.o(i.xQueueGenericSendFromISR)
    xQueueGiveFromISR                        0x08008cff   Thumb Code   156  queue.o(i.xQueueGiveFromISR)
    xQueueReceive                            0x08008d9d   Thumb Code   308  queue.o(i.xQueueReceive)
    xQueueReceiveFromISR                     0x08008ed5   Thumb Code   154  queue.o(i.xQueueReceiveFromISR)
    xTaskCheckForTimeOut                     0x08008f71   Thumb Code   112  tasks.o(i.xTaskCheckForTimeOut)
    xTaskCreate                              0x08008fe5   Thumb Code    90  tasks.o(i.xTaskCreate)
    xTaskCreateStatic                        0x0800903f   Thumb Code    86  tasks.o(i.xTaskCreateStatic)
    xTaskGetSchedulerState                   0x08009095   Thumb Code    22  tasks.o(i.xTaskGetSchedulerState)
    xTaskGetTickCount                        0x080090b1   Thumb Code     6  tasks.o(i.xTaskGetTickCount)
    xTaskIncrementTick                       0x080090bd   Thumb Code   192  tasks.o(i.xTaskIncrementTick)
    xTaskPriorityDisinherit                  0x08009185   Thumb Code   118  tasks.o(i.xTaskPriorityDisinherit)
    xTaskRemoveFromEventList                 0x08009205   Thumb Code    98  tasks.o(i.xTaskRemoveFromEventList)
    xTaskResumeAll                           0x08009275   Thumb Code   182  tasks.o(i.xTaskResumeAll)
    xTimerCreateTimerTask                    0x08009339   Thumb Code    78  timers.o(i.xTimerCreateTimerTask)
    xTimerGenericCommand                     0x08009399   Thumb Code    98  timers.o(i.xTimerGenericCommand)
    _get_lc_ctype                            0x08009401   Thumb Code    44  lc_ctype_c.o(locale$$code)
    _get_lc_numeric                          0x0800942d   Thumb Code    44  lc_numeric_c.o(locale$$code)
    __aeabi_d2f                              0x08009459   Thumb Code     0  d2f.o(x$fpl$d2f)
    _d2f                                     0x08009459   Thumb Code    98  d2f.o(x$fpl$d2f)
    __fpl_dcheck_NaN1                        0x080094bd   Thumb Code    10  dcheck1.o(x$fpl$dcheck1)
    __fpl_dcmp_Inf                           0x080094cd   Thumb Code    24  dcmpi.o(x$fpl$dcmpinf)
    __aeabi_cdcmpeq                          0x080094e5   Thumb Code     0  deqf.o(x$fpl$deqf)
    _dcmpeq                                  0x080094e5   Thumb Code   120  deqf.o(x$fpl$deqf)
    __aeabi_d2iz                             0x0800955d   Thumb Code     0  dfix.o(x$fpl$dfix)
    _dfix                                    0x0800955d   Thumb Code    94  dfix.o(x$fpl$dfix)
    __aeabi_cdcmple                          0x080095bd   Thumb Code     0  dleqf.o(x$fpl$dleqf)
    _dcmple                                  0x080095bd   Thumb Code   120  dleqf.o(x$fpl$dleqf)
    __fpl_dcmple_InfNaN                      0x0800961f   Thumb Code     0  dleqf.o(x$fpl$dleqf)
    __aeabi_dmul                             0x08009635   Thumb Code     0  dmul.o(x$fpl$dmul)
    _dmul                                    0x08009635   Thumb Code   332  dmul.o(x$fpl$dmul)
    __fpl_dnaninf                            0x08009789   Thumb Code   156  dnaninf.o(x$fpl$dnaninf)
    __fpl_dretinf                            0x08009825   Thumb Code    12  dretinf.o(x$fpl$dretinf)
    __aeabi_cdrcmple                         0x08009831   Thumb Code     0  drleqf.o(x$fpl$drleqf)
    _drcmple                                 0x08009831   Thumb Code   108  drleqf.o(x$fpl$drleqf)
    _fp_init                                 0x0800989d   Thumb Code    10  fpinit.o(x$fpl$fpinit)
    __fplib_config_fpu_vfp                   0x080098a5   Thumb Code     0  fpinit.o(x$fpl$fpinit)
    __fplib_config_pureend_doubles           0x080098a5   Thumb Code     0  fpinit.o(x$fpl$fpinit)
    __fpl_fretinf                            0x080098a7   Thumb Code    10  fretinf.o(x$fpl$fretinf)
    __ieee_status                            0x080098b1   Thumb Code     6  istatus.o(x$fpl$ieeestatus)
    _printf_fp_dec                           0x080098b7   Thumb Code     4  printf1.o(x$fpl$printf1)
    _printf_fp_hex                           0x080098bb   Thumb Code     4  printf2.o(x$fpl$printf2)
    __fpl_return_NaN                         0x080098bf   Thumb Code   100  retnan.o(x$fpl$retnan)
    __ARM_scalbn                             0x08009923   Thumb Code    92  scalbn.o(x$fpl$scalbn)
    _scanf_real                              0x0800997f   Thumb Code     4  scanf1.o(x$fpl$scanf1)
    _scanf_hex_real                          0x08009983   Thumb Code     4  scanf2.o(x$fpl$scanf2)
    _scanf_infnan                            0x08009987   Thumb Code     4  scanf2.o(x$fpl$scanf2)
    __fpl_cmpreturn                          0x0800998b   Thumb Code    48  trapv.o(x$fpl$trapveneer)
    __I$use$fp                               0x080099ba   Number         0  usenofp.o(x$fpl$usenofp)
    toptopic                                 0x080099ba   Data          18  main.o(.constdata)
    defaultTask_attributes                   0x080099cc   Data          36  freertos.o(.constdata)
    high_task_attributes                     0x080099f0   Data          36  freertos.o(.constdata)
    middle_task_attributes                   0x08009a14   Data          36  freertos.o(.constdata)
    tim2_Binary_attributes                   0x08009a38   Data          16  freertos.o(.constdata)
    usart2_Binary_attributes                 0x08009a48   Data          16  freertos.o(.constdata)
    AHBPrescTable                            0x08009a60   Data          16  system_stm32f4xx.o(.constdata)
    APBPrescTable                            0x08009a70   Data           8  system_stm32f4xx.o(.constdata)
    Region$$Table$$Base                      0x08009bcc   Number         0  anon$$obj.o(Region$$Table)
    Region$$Table$$Limit                     0x08009bec   Number         0  anon$$obj.o(Region$$Table)
    __aeabi_HUGE_VAL                         0x08009bec   Data           0  fpconst.o(c$$dinf)
    __aeabi_HUGE_VALL                        0x08009bec   Data           0  fpconst.o(c$$dinf)
    __aeabi_INFINITY                         0x08009bec   Data           0  fpconst.o(c$$dinf)
    __dInf                                   0x08009bec   Data           0  fpconst.o(c$$dinf)
    __huge_val                               0x08009bec   Data           0  fpconst.o(c$$dinf)
    __dbl_max                                0x08009bf4   Data           0  fpconst.o(c$$dmax)
    __ctype                                  0x08009c09   Data           0  lc_ctype_c.o(locale$$data)
    timeCount                                0x20000002   Data           2  main.o(.data)
    PWM_left                                 0x20000004   Data           2  main.o(.data)
    PWM_right                                0x20000006   Data           2  main.o(.data)
    topics                                   0x20000008   Data           4  main.o(.data)
    dataPtr                                  0x2000000c   Data           4  main.o(.data)
    MotorSpeed_left                          0x20000010   Data           4  main.o(.data)
    MotorSpeed_right                         0x20000014   Data           4  main.o(.data)
    MotorOutput_left                         0x20000018   Data           4  main.o(.data)
    MotorOutput_right                        0x2000001c   Data           4  main.o(.data)
    LastSpeed_left                           0x20000020   Data           4  main.o(.data)
    LastSpeed_right                          0x20000024   Data           4  main.o(.data)
    defaultTaskHandle                        0x20000028   Data           4  freertos.o(.data)
    high_taskHandle                          0x2000002c   Data           4  freertos.o(.data)
    middle_taskHandle                        0x20000030   Data           4  freertos.o(.data)
    tim2_BinaryHandle                        0x20000034   Data           4  freertos.o(.data)
    usart2_BinaryHandle                      0x20000038   Data           4  freertos.o(.data)
    recv_end_flag                            0x2000003c   Data           1  stm32f4xx_it.o(.data)
    uwTickFreq                               0x20000040   Data           1  stm32f4xx_hal.o(.data)
    uwTickPrio                               0x20000044   Data           4  stm32f4xx_hal.o(.data)
    uwTick                                   0x20000048   Data           4  stm32f4xx_hal.o(.data)
    SystemCoreClock                          0x2000004c   Data           4  system_stm32f4xx.o(.data)
    pxCurrentTCB                             0x20000050   Data           4  tasks.o(.data)
    req_payload                              0x200000d4   Data           4  onenet.o(.data)
    esp8266_cnt                              0x200000d8   Data           2  esp8266.o(.data)
    esp8266_cntPre                           0x200000da   Data           2  esp8266.o(.data)
    htim2                                    0x200000f0   Data          72  tim.o(.bss)
    htim3                                    0x20000138   Data          72  tim.o(.bss)
    htim4                                    0x20000180   Data          72  tim.o(.bss)
    htim5                                    0x200001c8   Data          72  tim.o(.bss)
    UserTxBufferFS                           0x20000210   Data        2048  usart.o(.bss)
    huart1                                   0x20000a10   Data          68  usart.o(.bss)
    huart2                                   0x20000a54   Data          68  usart.o(.bss)
    hdma_usart2_rx                           0x20000a98   Data          96  usart.o(.bss)
    hdma_usart2_tx                           0x20000af8   Data          96  usart.o(.bss)
    htim11                                   0x20000b58   Data          72  stm32f4xx_hal_timebase_tim.o(.bss)
    xQueueRegistry                           0x20000ba0   Data          64  queue.o(.bss)
    esp8266_buf                              0x20005474   Data         128  esp8266.o(.bss)
    __libspace_start                         0x200054f4   Data          96  libspace.o(.bss)
    __temporary_stack_top$libspace           0x20005554   Data           0  libspace.o(.bss)



==============================================================================

Memory Map of the image

  Image Entry point : 0x08000195

  Load Region LR_IROM1 (Base: 0x08000000, Size: 0x00009e18, Max: 0x00040000, ABSOLUTE)

    Execution Region ER_IROM1 (Exec base: 0x08000000, Load base: 0x08000000, Size: 0x00009d28, Max: 0x00040000, ABSOLUTE)

    Exec Addr    Load Addr    Size         Type   Attr      Idx    E Section Name        Object

    0x08000000   0x08000000   0x00000194   Data   RO         3144    RESET               startup_stm32f401xc.o
    0x08000194   0x08000194   0x00000008   Code   RO         6060  * !!!main             c_w.l(__main.o)
    0x0800019c   0x0800019c   0x00000034   Code   RO         6530    !!!scatter          c_w.l(__scatter.o)
    0x080001d0   0x080001d0   0x0000001a   Code   RO         6532    !!handler_copy      c_w.l(__scatter_copy.o)
    0x080001ea   0x080001ea   0x00000002   PAD
    0x080001ec   0x080001ec   0x0000001c   Code   RO         6534    !!handler_zi        c_w.l(__scatter_zi.o)
    0x08000208   0x08000208   0x00000000   Code   RO         6027    .ARM.Collect$$_printf_percent$$00000000  c_w.l(_printf_percent.o)
    0x08000208   0x08000208   0x00000006   Code   RO         6171    .ARM.Collect$$_printf_percent$$00000001  c_w.l(_printf_n.o)
    0x0800020e   0x0800020e   0x00000006   Code   RO         6172    .ARM.Collect$$_printf_percent$$00000002  c_w.l(_printf_p.o)
    0x08000214   0x08000214   0x00000006   Code   RO         6175    .ARM.Collect$$_printf_percent$$00000003  c_w.l(_printf_f.o)
    0x0800021a   0x0800021a   0x00000006   Code   RO         6176    .ARM.Collect$$_printf_percent$$00000004  c_w.l(_printf_e.o)
    0x08000220   0x08000220   0x00000006   Code   RO         6026    .ARM.Collect$$_printf_percent$$00000005  c_w.l(_printf_g.o)
    0x08000226   0x08000226   0x00000006   Code   RO         6177    .ARM.Collect$$_printf_percent$$00000006  c_w.l(_printf_a.o)
    0x0800022c   0x0800022c   0x0000000a   Code   RO         6182    .ARM.Collect$$_printf_percent$$00000007  c_w.l(_printf_ll.o)
    0x08000236   0x08000236   0x00000006   Code   RO         6024    .ARM.Collect$$_printf_percent$$00000008  c_w.l(_printf_i.o)
    0x0800023c   0x0800023c   0x00000006   Code   RO         6025    .ARM.Collect$$_printf_percent$$00000009  c_w.l(_printf_d.o)
    0x08000242   0x08000242   0x00000006   Code   RO         6174    .ARM.Collect$$_printf_percent$$0000000A  c_w.l(_printf_u.o)
    0x08000248   0x08000248   0x00000006   Code   RO         6173    .ARM.Collect$$_printf_percent$$0000000B  c_w.l(_printf_o.o)
    0x0800024e   0x0800024e   0x00000006   Code   RO         6023    .ARM.Collect$$_printf_percent$$0000000C  c_w.l(_printf_x.o)
    0x08000254   0x08000254   0x00000006   Code   RO         6179    .ARM.Collect$$_printf_percent$$0000000D  c_w.l(_printf_lli.o)
    0x0800025a   0x0800025a   0x00000006   Code   RO         6180    .ARM.Collect$$_printf_percent$$0000000E  c_w.l(_printf_lld.o)
    0x08000260   0x08000260   0x00000006   Code   RO         6181    .ARM.Collect$$_printf_percent$$0000000F  c_w.l(_printf_llu.o)
    0x08000266   0x08000266   0x00000006   Code   RO         6186    .ARM.Collect$$_printf_percent$$00000010  c_w.l(_printf_llo.o)
    0x0800026c   0x0800026c   0x00000006   Code   RO         6187    .ARM.Collect$$_printf_percent$$00000011  c_w.l(_printf_llx.o)
    0x08000272   0x08000272   0x0000000a   Code   RO         6183    .ARM.Collect$$_printf_percent$$00000012  c_w.l(_printf_l.o)
    0x0800027c   0x0800027c   0x00000006   Code   RO         6170    .ARM.Collect$$_printf_percent$$00000013  c_w.l(_printf_c.o)
    0x08000282   0x08000282   0x00000006   Code   RO         6022    .ARM.Collect$$_printf_percent$$00000014  c_w.l(_printf_s.o)
    0x08000288   0x08000288   0x00000006   Code   RO         6184    .ARM.Collect$$_printf_percent$$00000015  c_w.l(_printf_lc.o)
    0x0800028e   0x0800028e   0x00000006   Code   RO         6185    .ARM.Collect$$_printf_percent$$00000016  c_w.l(_printf_ls.o)
    0x08000294   0x08000294   0x00000004   Code   RO         6178    .ARM.Collect$$_printf_percent$$00000017  c_w.l(_printf_percent_end.o)
    0x08000298   0x08000298   0x00000002   Code   RO         6414    .ARM.Collect$$libinit$$00000000  c_w.l(libinit.o)
    0x0800029a   0x0800029a   0x00000004   Code   RO         6200    .ARM.Collect$$libinit$$00000001  c_w.l(libinit2.o)
    0x0800029e   0x0800029e   0x00000000   Code   RO         6203    .ARM.Collect$$libinit$$00000004  c_w.l(libinit2.o)
    0x0800029e   0x0800029e   0x00000008   Code   RO         6204    .ARM.Collect$$libinit$$00000005  c_w.l(libinit2.o)
    0x080002a6   0x080002a6   0x00000000   Code   RO         6206    .ARM.Collect$$libinit$$0000000A  c_w.l(libinit2.o)
    0x080002a6   0x080002a6   0x00000000   Code   RO         6208    .ARM.Collect$$libinit$$0000000C  c_w.l(libinit2.o)
    0x080002a6   0x080002a6   0x00000000   Code   RO         6210    .ARM.Collect$$libinit$$0000000E  c_w.l(libinit2.o)
    0x080002a6   0x080002a6   0x00000006   Code   RO         6211    .ARM.Collect$$libinit$$0000000F  c_w.l(libinit2.o)
    0x080002ac   0x080002ac   0x00000000   Code   RO         6213    .ARM.Collect$$libinit$$00000011  c_w.l(libinit2.o)
    0x080002ac   0x080002ac   0x0000000c   Code   RO         6214    .ARM.Collect$$libinit$$00000012  c_w.l(libinit2.o)
    0x080002b8   0x080002b8   0x00000000   Code   RO         6215    .ARM.Collect$$libinit$$00000013  c_w.l(libinit2.o)
    0x080002b8   0x080002b8   0x00000000   Code   RO         6217    .ARM.Collect$$libinit$$00000015  c_w.l(libinit2.o)
    0x080002b8   0x080002b8   0x0000000a   Code   RO         6218    .ARM.Collect$$libinit$$00000016  c_w.l(libinit2.o)
    0x080002c2   0x080002c2   0x00000000   Code   RO         6219    .ARM.Collect$$libinit$$00000017  c_w.l(libinit2.o)
    0x080002c2   0x080002c2   0x00000000   Code   RO         6221    .ARM.Collect$$libinit$$00000019  c_w.l(libinit2.o)
    0x080002c2   0x080002c2   0x00000000   Code   RO         6223    .ARM.Collect$$libinit$$0000001B  c_w.l(libinit2.o)
    0x080002c2   0x080002c2   0x00000000   Code   RO         6225    .ARM.Collect$$libinit$$0000001D  c_w.l(libinit2.o)
    0x080002c2   0x080002c2   0x00000000   Code   RO         6227    .ARM.Collect$$libinit$$0000001F  c_w.l(libinit2.o)
    0x080002c2   0x080002c2   0x00000000   Code   RO         6229    .ARM.Collect$$libinit$$00000021  c_w.l(libinit2.o)
    0x080002c2   0x080002c2   0x00000000   Code   RO         6231    .ARM.Collect$$libinit$$00000023  c_w.l(libinit2.o)
    0x080002c2   0x080002c2   0x00000000   Code   RO         6233    .ARM.Collect$$libinit$$00000025  c_w.l(libinit2.o)
    0x080002c2   0x080002c2   0x00000000   Code   RO         6237    .ARM.Collect$$libinit$$0000002C  c_w.l(libinit2.o)
    0x080002c2   0x080002c2   0x00000000   Code   RO         6239    .ARM.Collect$$libinit$$0000002E  c_w.l(libinit2.o)
    0x080002c2   0x080002c2   0x00000000   Code   RO         6241    .ARM.Collect$$libinit$$00000030  c_w.l(libinit2.o)
    0x080002c2   0x080002c2   0x00000000   Code   RO         6243    .ARM.Collect$$libinit$$00000032  c_w.l(libinit2.o)
    0x080002c2   0x080002c2   0x00000002   Code   RO         6244    .ARM.Collect$$libinit$$00000033  c_w.l(libinit2.o)
    0x080002c4   0x080002c4   0x00000002   Code   RO         6517    .ARM.Collect$$libshutdown$$00000000  c_w.l(libshutdown.o)
    0x080002c6   0x080002c6   0x00000000   Code   RO         6440    .ARM.Collect$$libshutdown$$00000002  c_w.l(libshutdown2.o)
    0x080002c6   0x080002c6   0x00000000   Code   RO         6442    .ARM.Collect$$libshutdown$$00000004  c_w.l(libshutdown2.o)
    0x080002c6   0x080002c6   0x00000000   Code   RO         6445    .ARM.Collect$$libshutdown$$00000007  c_w.l(libshutdown2.o)
    0x080002c6   0x080002c6   0x00000000   Code   RO         6448    .ARM.Collect$$libshutdown$$0000000A  c_w.l(libshutdown2.o)
    0x080002c6   0x080002c6   0x00000000   Code   RO         6450    .ARM.Collect$$libshutdown$$0000000C  c_w.l(libshutdown2.o)
    0x080002c6   0x080002c6   0x00000000   Code   RO         6453    .ARM.Collect$$libshutdown$$0000000F  c_w.l(libshutdown2.o)
    0x080002c6   0x080002c6   0x00000002   Code   RO         6454    .ARM.Collect$$libshutdown$$00000010  c_w.l(libshutdown2.o)
    0x080002c8   0x080002c8   0x00000000   Code   RO         6106    .ARM.Collect$$rtentry$$00000000  c_w.l(__rtentry.o)
    0x080002c8   0x080002c8   0x00000000   Code   RO         6266    .ARM.Collect$$rtentry$$00000002  c_w.l(__rtentry2.o)
    0x080002c8   0x080002c8   0x00000006   Code   RO         6278    .ARM.Collect$$rtentry$$00000004  c_w.l(__rtentry4.o)
    0x080002ce   0x080002ce   0x00000000   Code   RO         6268    .ARM.Collect$$rtentry$$00000009  c_w.l(__rtentry2.o)
    0x080002ce   0x080002ce   0x00000004   Code   RO         6269    .ARM.Collect$$rtentry$$0000000A  c_w.l(__rtentry2.o)
    0x080002d2   0x080002d2   0x00000000   Code   RO         6271    .ARM.Collect$$rtentry$$0000000C  c_w.l(__rtentry2.o)
    0x080002d2   0x080002d2   0x00000008   Code   RO         6272    .ARM.Collect$$rtentry$$0000000D  c_w.l(__rtentry2.o)
    0x080002da   0x080002da   0x00000002   Code   RO         6425    .ARM.Collect$$rtexit$$00000000  c_w.l(rtexit.o)
    0x080002dc   0x080002dc   0x00000000   Code   RO         6476    .ARM.Collect$$rtexit$$00000002  c_w.l(rtexit2.o)
    0x080002dc   0x080002dc   0x00000004   Code   RO         6477    .ARM.Collect$$rtexit$$00000003  c_w.l(rtexit2.o)
    0x080002e0   0x080002e0   0x00000006   Code   RO         6478    .ARM.Collect$$rtexit$$00000004  c_w.l(rtexit2.o)
    0x080002e6   0x080002e6   0x00000002   PAD
    0x080002e8   0x080002e8   0x000000be   Code   RO         4862    .emb_text           port.o
    0x080003a6   0x080003a6   0x00000002   PAD
    0x080003a8   0x080003a8   0x00000000   Code   RO         6289    .emb_text           c_w.l(maybetermalloc1.o)
    0x080003a8   0x080003a8   0x00000040   Code   RO         3145    .text               startup_stm32f401xc.o
    0x080003e8   0x080003e8   0x0000005e   Code   RO         5901    .text               c_w.l(h1_alloc.o)
    0x08000446   0x08000446   0x0000004e   Code   RO         5903    .text               c_w.l(h1_free.o)
    0x08000494   0x08000494   0x000000b8   Code   RO         5905    .text               c_w.l(h1_realloc.o)
    0x0800054c   0x0800054c   0x000000ee   Code   RO         5963    .text               c_w.l(lludivv7m.o)
    0x0800063a   0x0800063a   0x0000001a   Code   RO         5965    .text               c_w.l(tolower.o)
    0x08000654   0x08000654   0x00000034   Code   RO         5967    .text               c_w.l(vsnprintf.o)
    0x08000688   0x08000688   0x0000002c   Code   RO         5969    .text               c_w.l(__2sprintf.o)
    0x080006b4   0x080006b4   0x0000004e   Code   RO         5975    .text               c_w.l(_printf_pad.o)
    0x08000702   0x08000702   0x00000052   Code   RO         5977    .text               c_w.l(_printf_str.o)
    0x08000754   0x08000754   0x00000078   Code   RO         5979    .text               c_w.l(_printf_dec.o)
    0x080007cc   0x080007cc   0x00000094   Code   RO         5999    .text               c_w.l(_printf_hex_int_ll_ptr.o)
    0x08000860   0x08000860   0x00000188   Code   RO         6019    .text               c_w.l(__printf_flags_ss_wp.o)
    0x080009e8   0x080009e8   0x0000001a   Code   RO         6030    .text               c_w.l(atoi.o)
    0x08000a02   0x08000a02   0x00000014   Code   RO         6032    .text               c_w.l(strchr.o)
    0x08000a16   0x08000a16   0x00000024   Code   RO         6034    .text               c_w.l(strncat.o)
    0x08000a3a   0x08000a3a   0x00000024   Code   RO         6036    .text               c_w.l(strstr.o)
    0x08000a5e   0x08000a5e   0x0000003e   Code   RO         6040    .text               c_w.l(strlen.o)
    0x08000a9c   0x08000a9c   0x00000096   Code   RO         6042    .text               c_w.l(strncmp.o)
    0x08000b32   0x08000b32   0x0000008a   Code   RO         6044    .text               c_w.l(rt_memcpy_v6.o)
    0x08000bbc   0x08000bbc   0x00000064   Code   RO         6046    .text               c_w.l(rt_memcpy_w.o)
    0x08000c20   0x08000c20   0x00000010   Code   RO         6050    .text               c_w.l(aeabi_memset.o)
    0x08000c30   0x08000c30   0x00000044   Code   RO         6052    .text               c_w.l(rt_memclr.o)
    0x08000c74   0x08000c74   0x0000004e   Code   RO         6054    .text               c_w.l(rt_memclr_w.o)
    0x08000cc2   0x08000cc2   0x00000002   PAD
    0x08000cc4   0x08000cc4   0x00000080   Code   RO         6056    .text               c_w.l(strcmpv7m.o)
    0x08000d44   0x08000d44   0x00000006   Code   RO         6058    .text               c_w.l(heapauxi.o)
    0x08000d4a   0x08000d4a   0x00000002   PAD
    0x08000d4c   0x08000d4c   0x00000010   Code   RO         6107    .text               c_w.l(rt_ctype_table.o)
    0x08000d5c   0x08000d5c   0x00000008   Code   RO         6116    .text               c_w.l(rt_heap_descriptor_intlibspace.o)
    0x08000d64   0x08000d64   0x00000008   Code   RO         6121    .text               c_w.l(rt_errno_addr_intlibspace.o)
    0x08000d6c   0x08000d6c   0x00000004   Code   RO         6123    .text               c_w.l(hguard.o)
    0x08000d70   0x08000d70   0x0000008a   Code   RO         6125    .text               c_w.l(init_alloc.o)
    0x08000dfa   0x08000dfa   0x0000000e   Code   RO         6129    .text               c_w.l(h1_init.o)
    0x08000e08   0x08000e08   0x00000024   Code   RO         6143    .text               c_w.l(_printf_truncate.o)
    0x08000e2c   0x08000e2c   0x000000b2   Code   RO         6145    .text               c_w.l(_printf_intcommon.o)
    0x08000ede   0x08000ede   0x00000028   Code   RO         6147    .text               c_w.l(_printf_charcount.o)
    0x08000f06   0x08000f06   0x0000041e   Code   RO         6149    .text               c_w.l(_printf_fp_dec.o)
    0x08001324   0x08001324   0x00000030   Code   RO         6151    .text               c_w.l(_printf_char_common.o)
    0x08001354   0x08001354   0x0000000a   Code   RO         6153    .text               c_w.l(_sputc.o)
    0x0800135e   0x0800135e   0x00000010   Code   RO         6155    .text               c_w.l(_snputc.o)
    0x0800136e   0x0800136e   0x0000002c   Code   RO         6157    .text               c_w.l(_printf_char.o)
    0x0800139a   0x0800139a   0x00000002   PAD
    0x0800139c   0x0800139c   0x000000bc   Code   RO         6159    .text               c_w.l(_printf_wctomb.o)
    0x08001458   0x08001458   0x0000007c   Code   RO         6162    .text               c_w.l(_printf_longlong_dec.o)
    0x080014d4   0x080014d4   0x00000070   Code   RO         6168    .text               c_w.l(_printf_oct_int_ll.o)
    0x08001544   0x08001544   0x000004f8   Code   RO         6188    .text               c_w.l(scanf_fp.o)
    0x08001a3c   0x08001a3c   0x00000040   Code   RO         6192    .text               c_w.l(_sgetc.o)
    0x08001a7c   0x08001a7c   0x000000a4   Code   RO         6194    .text               c_w.l(strtod.o)
    0x08001b20   0x08001b20   0x00000070   Code   RO         6196    .text               c_w.l(strtol.o)
    0x08001b90   0x08001b90   0x00000008   Code   RO         6262    .text               c_w.l(libspace.o)
    0x08001b98   0x08001b98   0x00000008   Code   RO         6285    .text               c_w.l(rt_locale_intlibspace.o)
    0x08001ba0   0x08001ba0   0x00000034   Code   RO         6291    .text               c_w.l(h1_extend.o)
    0x08001bd4   0x08001bd4   0x0000008a   Code   RO         6295    .text               c_w.l(lludiv10.o)
    0x08001c5e   0x08001c5e   0x00000012   Code   RO         6297    .text               c_w.l(isspace.o)
    0x08001c70   0x08001c70   0x000002fc   Code   RO         6299    .text               c_w.l(_printf_fp_hex.o)
    0x08001f6c   0x08001f6c   0x00000080   Code   RO         6302    .text               c_w.l(_printf_fp_infnan.o)
    0x08001fec   0x08001fec   0x0000002c   Code   RO         6306    .text               c_w.l(_printf_wchar.o)
    0x08002018   0x08002018   0x0000009e   Code   RO         6310    .text               c_w.l(_strtoul.o)
    0x080020b6   0x080020b6   0x00000002   PAD
    0x080020b8   0x080020b8   0x000000e4   Code   RO         6312    .text               c_w.l(bigflt0.o)
    0x0800219c   0x0800219c   0x00000040   Code   RO         6337    .text               c_w.l(_wcrtomb.o)
    0x080021dc   0x080021dc   0x0000000e   Code   RO         6345    .text               c_w.l(defsig_rtmem_outer.o)
    0x080021ea   0x080021ea   0x00000002   Code   RO         6378    .text               c_w.l(use_no_semi.o)
    0x080021ec   0x080021ec   0x00000000   Code   RO         6380    .text               c_w.l(indicate_semi.o)
    0x080021ec   0x080021ec   0x0000004a   Code   RO         6381    .text               c_w.l(sys_stackheap_outer.o)
    0x08002236   0x08002236   0x00000016   Code   RO         6387    .text               c_w.l(_rserrno.o)
    0x0800224c   0x0800224c   0x0000001c   Code   RO         6389    .text               c_w.l(_chval.o)
    0x08002268   0x08002268   0x00000320   Code   RO         6391    .text               c_w.l(scanf_hexfp.o)
    0x08002588   0x08002588   0x00000134   Code   RO         6393    .text               c_w.l(scanf_infnan.o)
    0x080026bc   0x080026bc   0x00000012   Code   RO         6395    .text               c_w.l(exit.o)
    0x080026ce   0x080026ce   0x0000000a   Code   RO         6397    .text               c_w.l(defsig_exit.o)
    0x080026d8   0x080026d8   0x00000050   Code   RO         6403    .text               c_w.l(defsig_rtmem_inner.o)
    0x08002728   0x08002728   0x0000000c   Code   RO         6423    .text               c_w.l(sys_exit.o)
    0x08002734   0x08002734   0x00000026   Code   RO         6431    .text               c_w.l(llshl.o)
    0x0800275a   0x0800275a   0x00000032   Code   RO         6435    .text               c_w.l(defsig_general.o)
    0x0800278c   0x0800278c   0x0000000e   Code   RO         6473    .text               c_w.l(sys_wrch.o)
    0x0800279a   0x0800279a   0x0000003e   Code   RO         6315    CL$$btod_d2e        c_w.l(btod.o)
    0x080027d8   0x080027d8   0x00000046   Code   RO         6317    CL$$btod_d2e_denorm_low  c_w.l(btod.o)
    0x0800281e   0x0800281e   0x00000060   Code   RO         6316    CL$$btod_d2e_norm_op1  c_w.l(btod.o)
    0x0800287e   0x0800287e   0x00000338   Code   RO         6325    CL$$btod_div_common  c_w.l(btod.o)
    0x08002bb6   0x08002bb6   0x00000002   PAD
    0x08002bb8   0x08002bb8   0x00000084   Code   RO         6323    CL$$btod_e2d        c_w.l(btod.o)
    0x08002c3c   0x08002c3c   0x000000dc   Code   RO         6322    CL$$btod_e2e        c_w.l(btod.o)
    0x08002d18   0x08002d18   0x0000002a   Code   RO         6319    CL$$btod_ediv       c_w.l(btod.o)
    0x08002d42   0x08002d42   0x0000002a   Code   RO         6321    CL$$btod_edivd      c_w.l(btod.o)
    0x08002d6c   0x08002d6c   0x0000002a   Code   RO         6318    CL$$btod_emul       c_w.l(btod.o)
    0x08002d96   0x08002d96   0x0000002a   Code   RO         6320    CL$$btod_emuld      c_w.l(btod.o)
    0x08002dc0   0x08002dc0   0x00000244   Code   RO         6324    CL$$btod_mult_common  c_w.l(btod.o)
    0x08003004   0x08003004   0x00000002   Code   RO          469    i.BusFault_Handler  stm32f4xx_it.o
    0x08003006   0x08003006   0x00000002   PAD
    0x08003008   0x08003008   0x0000000c   Code   RO          470    i.DMA1_Stream5_IRQHandler  stm32f4xx_it.o
    0x08003014   0x08003014   0x0000000c   Code   RO          471    i.DMA1_Stream6_IRQHandler  stm32f4xx_it.o
    0x08003020   0x08003020   0x00000028   Code   RO         1118    i.DMA_CalcBaseAndBitshift  stm32f4xx_hal_dma.o
    0x08003048   0x08003048   0x00000054   Code   RO         1119    i.DMA_CheckFifoParam  stm32f4xx_hal_dma.o
    0x0800309c   0x0800309c   0x00000028   Code   RO         1120    i.DMA_SetConfig     stm32f4xx_hal_dma.o
    0x080030c4   0x080030c4   0x00000002   Code   RO          472    i.DebugMon_Handler  stm32f4xx_it.o
    0x080030c6   0x080030c6   0x00000002   PAD
    0x080030c8   0x080030c8   0x0000001c   Code   RO         5183    i.ESP8266_Clear     esp8266.o
    0x080030e4   0x080030e4   0x00000040   Code   RO         5184    i.ESP8266_GetIPD    esp8266.o
    0x08003124   0x08003124   0x00000244   Code   RO         5185    i.ESP8266_Init      esp8266.o
    0x08003368   0x08003368   0x00000048   Code   RO         5186    i.ESP8266_SendCmd   esp8266.o
    0x080033b0   0x080033b0   0x00000048   Code   RO         5187    i.ESP8266_SendData  esp8266.o
    0x080033f8   0x080033f8   0x00000020   Code   RO         5188    i.ESP8266_WaitRecive  esp8266.o
    0x08003418   0x08003418   0x00000004   Code   RO            4    i.Error_Handler     main.o
    0x0800341c   0x0800341c   0x00000092   Code   RO         1121    i.HAL_DMA_Abort     stm32f4xx_hal_dma.o
    0x080034ae   0x080034ae   0x00000024   Code   RO         1122    i.HAL_DMA_Abort_IT  stm32f4xx_hal_dma.o
    0x080034d2   0x080034d2   0x00000002   PAD
    0x080034d4   0x080034d4   0x000001a0   Code   RO         1126    i.HAL_DMA_IRQHandler  stm32f4xx_hal_dma.o
    0x08003674   0x08003674   0x000000d4   Code   RO         1127    i.HAL_DMA_Init      stm32f4xx_hal_dma.o
    0x08003748   0x08003748   0x0000006e   Code   RO         1131    i.HAL_DMA_Start_IT  stm32f4xx_hal_dma.o
    0x080037b6   0x080037b6   0x00000002   PAD
    0x080037b8   0x080037b8   0x00000024   Code   RO         1564    i.HAL_Delay         stm32f4xx_hal.o
    0x080037dc   0x080037dc   0x000001e0   Code   RO         1014    i.HAL_GPIO_Init     stm32f4xx_hal_gpio.o
    0x080039bc   0x080039bc   0x00000010   Code   RO         1017    i.HAL_GPIO_TogglePin  stm32f4xx_hal_gpio.o
    0x080039cc   0x080039cc   0x0000000a   Code   RO         1018    i.HAL_GPIO_WritePin  stm32f4xx_hal_gpio.o
    0x080039d6   0x080039d6   0x00000002   PAD
    0x080039d8   0x080039d8   0x0000000c   Code   RO         1570    i.HAL_GetTick       stm32f4xx_hal.o
    0x080039e4   0x080039e4   0x00000010   Code   RO         1576    i.HAL_IncTick       stm32f4xx_hal.o
    0x080039f4   0x080039f4   0x00000034   Code   RO         1577    i.HAL_Init          stm32f4xx_hal.o
    0x08003a28   0x08003a28   0x00000074   Code   RO          596    i.HAL_InitTick      stm32f4xx_hal_timebase_tim.o
    0x08003a9c   0x08003a9c   0x00000038   Code   RO          572    i.HAL_MspInit       stm32f4xx_hal_msp.o
    0x08003ad4   0x08003ad4   0x0000001a   Code   RO         1427    i.HAL_NVIC_EnableIRQ  stm32f4xx_hal_cortex.o
    0x08003aee   0x08003aee   0x00000002   PAD
    0x08003af0   0x08003af0   0x00000040   Code   RO         1433    i.HAL_NVIC_SetPriority  stm32f4xx_hal_cortex.o
    0x08003b30   0x08003b30   0x00000024   Code   RO         1434    i.HAL_NVIC_SetPriorityGrouping  stm32f4xx_hal_cortex.o
    0x08003b54   0x08003b54   0x00000134   Code   RO          636    i.HAL_RCC_ClockConfig  stm32f4xx_hal_rcc.o
    0x08003c88   0x08003c88   0x00000040   Code   RO          640    i.HAL_RCC_GetClockConfig  stm32f4xx_hal_rcc.o
    0x08003cc8   0x08003cc8   0x00000020   Code   RO          643    i.HAL_RCC_GetPCLK1Freq  stm32f4xx_hal_rcc.o
    0x08003ce8   0x08003ce8   0x00000020   Code   RO          644    i.HAL_RCC_GetPCLK2Freq  stm32f4xx_hal_rcc.o
    0x08003d08   0x08003d08   0x00000064   Code   RO          645    i.HAL_RCC_GetSysClockFreq  stm32f4xx_hal_rcc.o
    0x08003d6c   0x08003d6c   0x0000036c   Code   RO          648    i.HAL_RCC_OscConfig  stm32f4xx_hal_rcc.o
    0x080040d8   0x080040d8   0x00000002   Code   RO         2521    i.HAL_TIMEx_BreakCallback  stm32f4xx_hal_tim_ex.o
    0x080040da   0x080040da   0x00000002   Code   RO         2522    i.HAL_TIMEx_CommutCallback  stm32f4xx_hal_tim_ex.o
    0x080040dc   0x080040dc   0x0000007c   Code   RO         2540    i.HAL_TIMEx_MasterConfigSynchronization  stm32f4xx_hal_tim_ex.o
    0x08004158   0x08004158   0x0000005a   Code   RO         1817    i.HAL_TIM_Base_Init  stm32f4xx_hal_tim.o
    0x080041b2   0x080041b2   0x00000002   PAD
    0x080041b4   0x080041b4   0x00000050   Code   RO          325    i.HAL_TIM_Base_MspInit  tim.o
    0x08004204   0x08004204   0x0000006c   Code   RO         1822    i.HAL_TIM_Base_Start_IT  stm32f4xx_hal_tim.o
    0x08004270   0x08004270   0x000000dc   Code   RO         1826    i.HAL_TIM_ConfigClockSource  stm32f4xx_hal_tim.o
    0x0800434c   0x0800434c   0x000000a4   Code   RO         1838    i.HAL_TIM_Encoder_Init  stm32f4xx_hal_tim.o
    0x080043f0   0x080043f0   0x000000c4   Code   RO          327    i.HAL_TIM_Encoder_MspInit  tim.o
    0x080044b4   0x080044b4   0x0000008e   Code   RO         1841    i.HAL_TIM_Encoder_Start  stm32f4xx_hal_tim.o
    0x08004542   0x08004542   0x00000002   Code   RO         1851    i.HAL_TIM_IC_CaptureCallback  stm32f4xx_hal_tim.o
    0x08004544   0x08004544   0x00000166   Code   RO         1865    i.HAL_TIM_IRQHandler  stm32f4xx_hal_tim.o
    0x080046aa   0x080046aa   0x00000002   PAD
    0x080046ac   0x080046ac   0x00000050   Code   RO          328    i.HAL_TIM_MspPostInit  tim.o
    0x080046fc   0x080046fc   0x00000002   Code   RO         1868    i.HAL_TIM_OC_DelayElapsedCallback  stm32f4xx_hal_tim.o
    0x080046fe   0x080046fe   0x000000cc   Code   RO         1889    i.HAL_TIM_PWM_ConfigChannel  stm32f4xx_hal_tim.o
    0x080047ca   0x080047ca   0x0000005a   Code   RO         1892    i.HAL_TIM_PWM_Init  stm32f4xx_hal_tim.o
    0x08004824   0x08004824   0x00000002   Code   RO         1894    i.HAL_TIM_PWM_MspInit  stm32f4xx_hal_tim.o
    0x08004826   0x08004826   0x00000002   Code   RO         1895    i.HAL_TIM_PWM_PulseFinishedCallback  stm32f4xx_hal_tim.o
    0x08004828   0x08004828   0x000000b0   Code   RO         1897    i.HAL_TIM_PWM_Start  stm32f4xx_hal_tim.o
    0x080048d8   0x080048d8   0x00000130   Code   RO            5    i.HAL_TIM_PeriodElapsedCallback  main.o
    0x08004a08   0x08004a08   0x00000002   Code   RO         1908    i.HAL_TIM_TriggerCallback  stm32f4xx_hal_tim.o
    0x08004a0a   0x08004a0a   0x00000002   Code   RO         2799    i.HAL_UARTEx_RxEventCallback  stm32f4xx_hal_uart.o
    0x08004a0c   0x08004a0c   0x00000070   Code   RO         2811    i.HAL_UART_DMAStop  stm32f4xx_hal_uart.o
    0x08004a7c   0x08004a7c   0x00000002   Code   RO         2813    i.HAL_UART_ErrorCallback  stm32f4xx_hal_uart.o
    0x08004a7e   0x08004a7e   0x00000002   PAD
    0x08004a80   0x08004a80   0x00000268   Code   RO         2816    i.HAL_UART_IRQHandler  stm32f4xx_hal_uart.o
    0x08004ce8   0x08004ce8   0x00000062   Code   RO         2817    i.HAL_UART_Init     stm32f4xx_hal_uart.o
    0x08004d4a   0x08004d4a   0x00000002   PAD
    0x08004d4c   0x08004d4c   0x00000130   Code   RO          403    i.HAL_UART_MspInit  usart.o
    0x08004e7c   0x08004e7c   0x0000002a   Code   RO         2821    i.HAL_UART_Receive_DMA  stm32f4xx_hal_uart.o
    0x08004ea6   0x08004ea6   0x00000002   Code   RO         2823    i.HAL_UART_RxCpltCallback  stm32f4xx_hal_uart.o
    0x08004ea8   0x08004ea8   0x00000002   Code   RO         2824    i.HAL_UART_RxHalfCpltCallback  stm32f4xx_hal_uart.o
    0x08004eaa   0x08004eaa   0x00000002   PAD
    0x08004eac   0x08004eac   0x000000b2   Code   RO         2825    i.HAL_UART_Transmit  stm32f4xx_hal_uart.o
    0x08004f5e   0x08004f5e   0x00000002   Code   RO         2828    i.HAL_UART_TxCpltCallback  stm32f4xx_hal_uart.o
    0x08004f60   0x08004f60   0x00000002   Code   RO          473    i.HardFault_Handler  stm32f4xx_it.o
    0x08004f62   0x08004f62   0x0000001c   Code   RO         4939    i.MQTT_DeleteBuffer  mqttkit.o
    0x08004f7e   0x08004f7e   0x00000002   PAD
    0x08004f80   0x08004f80   0x00000026   Code   RO         4940    i.MQTT_DumpLength   mqttkit.o
    0x08004fa6   0x08004fa6   0x00000052   Code   RO         4941    i.MQTT_NewBuffer    mqttkit.o
    0x08004ff8   0x08004ff8   0x0000007c   Code   RO         4942    i.MQTT_PacketCmdResp  mqttkit.o
    0x08005074   0x08005074   0x00000264   Code   RO         4943    i.MQTT_PacketConnect  mqttkit.o
    0x080052d8   0x080052d8   0x0000015a   Code   RO         4946    i.MQTT_PacketPublish  mqttkit.o
    0x08005432   0x08005432   0x00000046   Code   RO         4948    i.MQTT_PacketPublishComp  mqttkit.o
    0x08005478   0x08005478   0x00000046   Code   RO         4950    i.MQTT_PacketPublishRel  mqttkit.o
    0x080054be   0x080054be   0x000000da   Code   RO         4953    i.MQTT_PacketSubscribe  mqttkit.o
    0x08005598   0x08005598   0x0000003e   Code   RO         4955    i.MQTT_ReadLength   mqttkit.o
    0x080055d6   0x080055d6   0x00000082   Code   RO         4956    i.MQTT_UnPacketCmd  mqttkit.o
    0x08005658   0x08005658   0x0000001a   Code   RO         4957    i.MQTT_UnPacketConnectAck  mqttkit.o
    0x08005672   0x08005672   0x00000002   PAD
    0x08005674   0x08005674   0x00000150   Code   RO         4958    i.MQTT_UnPacketPublish  mqttkit.o
    0x080057c4   0x080057c4   0x00000018   Code   RO         4959    i.MQTT_UnPacketPublishAck  mqttkit.o
    0x080057dc   0x080057dc   0x00000018   Code   RO         4960    i.MQTT_UnPacketPublishComp  mqttkit.o
    0x080057f4   0x080057f4   0x00000018   Code   RO         4961    i.MQTT_UnPacketPublishRec  mqttkit.o
    0x0800580c   0x0800580c   0x0000001e   Code   RO         4962    i.MQTT_UnPacketPublishRel  mqttkit.o
    0x0800582a   0x0800582a   0x00000002   PAD
    0x0800582c   0x0800582c   0x00000060   Code   RO         4963    i.MQTT_UnPacketRecv  mqttkit.o
    0x0800588c   0x0800588c   0x0000002c   Code   RO         4964    i.MQTT_UnPacketSubscribe  mqttkit.o
    0x080058b8   0x080058b8   0x00000012   Code   RO         4965    i.MQTT_UnPacketUnSubscribe  mqttkit.o
    0x080058ca   0x080058ca   0x00000002   PAD
    0x080058cc   0x080058cc   0x0000003c   Code   RO          300    i.MX_DMA_Init       dma.o
    0x08005908   0x08005908   0x00000060   Code   RO          244    i.MX_FREERTOS_Init  freertos.o
    0x08005968   0x08005968   0x000000d0   Code   RO          220    i.MX_GPIO_Init      gpio.o
    0x08005a38   0x08005a38   0x00000068   Code   RO          329    i.MX_TIM2_Init      tim.o
    0x08005aa0   0x08005aa0   0x0000006c   Code   RO          330    i.MX_TIM3_Init      tim.o
    0x08005b0c   0x08005b0c   0x0000006c   Code   RO          331    i.MX_TIM4_Init      tim.o
    0x08005b78   0x08005b78   0x000000a8   Code   RO          332    i.MX_TIM5_Init      tim.o
    0x08005c20   0x08005c20   0x00000038   Code   RO          404    i.MX_USART1_UART_Init  usart.o
    0x08005c58   0x08005c58   0x00000038   Code   RO          405    i.MX_USART2_UART_Init  usart.o
    0x08005c90   0x08005c90   0x00000002   Code   RO          474    i.MemManage_Handler  stm32f4xx_it.o
    0x08005c92   0x08005c92   0x00000002   Code   RO          475    i.NMI_Handler       stm32f4xx_it.o
    0x08005c94   0x08005c94   0x000001fc   Code   RO         5125    i.OneNet_DevLink    onenet.o
    0x08005e90   0x08005e90   0x0000007c   Code   RO         5126    i.OneNet_Publish    onenet.o
    0x08005f0c   0x08005f0c   0x00000418   Code   RO         5127    i.OneNet_RevPro     onenet.o
    0x08006324   0x08006324   0x0000006c   Code   RO         5128    i.OneNet_Subscribe  onenet.o
    0x08006390   0x08006390   0x0000001c   Code   RO          245    i.StartDefaultTask  freertos.o
    0x080063ac   0x080063ac   0x0000001a   Code   RO         4297    i.SysTick_Handler   cmsis_os2.o
    0x080063c6   0x080063c6   0x00000002   PAD
    0x080063c8   0x080063c8   0x00000094   Code   RO            6    i.SystemClock_Config  main.o
    0x0800645c   0x0800645c   0x00000010   Code   RO         3153    i.SystemInit        system_stm32f4xx.o
    0x0800646c   0x0800646c   0x0000000c   Code   RO          476    i.TIM1_TRG_COM_TIM11_IRQHandler  stm32f4xx_it.o
    0x08006478   0x08006478   0x0000000c   Code   RO          477    i.TIM2_IRQHandler   stm32f4xx_it.o
    0x08006484   0x08006484   0x0000000c   Code   RO          478    i.TIM3_IRQHandler   stm32f4xx_it.o
    0x08006490   0x08006490   0x0000000c   Code   RO          479    i.TIM4_IRQHandler   stm32f4xx_it.o
    0x0800649c   0x0800649c   0x00000098   Code   RO         1910    i.TIM_Base_SetConfig  stm32f4xx_hal_tim.o
    0x08006534   0x08006534   0x0000001a   Code   RO         1911    i.TIM_CCxChannelCmd  stm32f4xx_hal_tim.o
    0x0800654e   0x0800654e   0x00000014   Code   RO         1921    i.TIM_ETR_SetConfig  stm32f4xx_hal_tim.o
    0x08006562   0x08006562   0x00000010   Code   RO         1922    i.TIM_ITRx_SetConfig  stm32f4xx_hal_tim.o
    0x08006572   0x08006572   0x00000002   PAD
    0x08006574   0x08006574   0x00000050   Code   RO         1923    i.TIM_OC1_SetConfig  stm32f4xx_hal_tim.o
    0x080065c4   0x080065c4   0x00000058   Code   RO         1924    i.TIM_OC2_SetConfig  stm32f4xx_hal_tim.o
    0x0800661c   0x0800661c   0x00000058   Code   RO         1925    i.TIM_OC3_SetConfig  stm32f4xx_hal_tim.o
    0x08006674   0x08006674   0x00000044   Code   RO         1926    i.TIM_OC4_SetConfig  stm32f4xx_hal_tim.o
    0x080066b8   0x080066b8   0x00000022   Code   RO         1928    i.TIM_TI1_ConfigInputStage  stm32f4xx_hal_tim.o
    0x080066da   0x080066da   0x00000024   Code   RO         1930    i.TIM_TI2_ConfigInputStage  stm32f4xx_hal_tim.o
    0x080066fe   0x080066fe   0x00000002   PAD
    0x08006700   0x08006700   0x00000080   Code   RO          246    i.Task_high         freertos.o
    0x08006780   0x08006780   0x00000008   Code   RO          247    i.Task_middle       freertos.o
    0x08006788   0x08006788   0x00000010   Code   RO         2830    i.UART_DMAAbortOnError  stm32f4xx_hal_uart.o
    0x08006798   0x08006798   0x0000004a   Code   RO         2831    i.UART_DMAError     stm32f4xx_hal_uart.o
    0x080067e2   0x080067e2   0x00000082   Code   RO         2832    i.UART_DMAReceiveCplt  stm32f4xx_hal_uart.o
    0x08006864   0x08006864   0x0000001a   Code   RO         2834    i.UART_DMARxHalfCplt  stm32f4xx_hal_uart.o
    0x0800687e   0x0800687e   0x0000004e   Code   RO         2840    i.UART_EndRxTransfer  stm32f4xx_hal_uart.o
    0x080068cc   0x080068cc   0x0000001c   Code   RO         2841    i.UART_EndTxTransfer  stm32f4xx_hal_uart.o
    0x080068e8   0x080068e8   0x000000c0   Code   RO         2842    i.UART_Receive_IT   stm32f4xx_hal_uart.o
    0x080069a8   0x080069a8   0x0000010c   Code   RO         2843    i.UART_SetConfig    stm32f4xx_hal_uart.o
    0x08006ab4   0x08006ab4   0x00000094   Code   RO         2844    i.UART_Start_Receive_DMA  stm32f4xx_hal_uart.o
    0x08006b48   0x08006b48   0x00000078   Code   RO         2846    i.UART_WaitOnFlagUntilTimeout  stm32f4xx_hal_uart.o
    0x08006bc0   0x08006bc0   0x0000006c   Code   RO          480    i.USART2_IRQHandler  stm32f4xx_it.o
    0x08006c2c   0x08006c2c   0x00000002   Code   RO          481    i.UsageFault_Handler  stm32f4xx_it.o
    0x08006c2e   0x08006c2e   0x00000002   PAD
    0x08006c30   0x08006c30   0x0000002c   Code   RO          406    i.UsartPrintf       usart.o
    0x08006c5c   0x08006c5c   0x00000008   Code   RO          407    i.Usart_SendString  usart.o
    0x08006c64   0x08006c64   0x00000030   Code   RO         6368    i.__ARM_fpclassify  m_wm.l(fpclassify.o)
    0x08006c94   0x08006c94   0x00000020   Code   RO         1440    i.__NVIC_SetPriority  stm32f4xx_hal_cortex.o
    0x08006cb4   0x08006cb4   0x00000004   PAD
    0x08006cb8   0x08006cb8   0x000000f8   Code   RO         6370    i.__hardfp___mathlib_tofloat  m_wm.l(narrow.o)
    0x08006db0   0x08006db0   0x000000d0   Code   RO         6457    i.__hardfp_ldexp    m_wm.l(ldexp.o)
    0x08006e80   0x08006e80   0x00000028   Code   RO         6098    i.__hardfp_strtod   m_wm.l(strtod.o)
    0x08006ea8   0x08006ea8   0x00000020   Code   RO         6490    i.__mathlib_dbl_overflow  m_wm.l(dunder.o)
    0x08006ec8   0x08006ec8   0x00000020   Code   RO         6492    i.__mathlib_dbl_underflow  m_wm.l(dunder.o)
    0x08006ee8   0x08006ee8   0x00000012   Code   RO         6371    i.__mathlib_narrow  m_wm.l(narrow.o)
    0x08006efa   0x08006efa   0x00000014   Code   RO         6459    i.__support_ldexp   m_wm.l(ldexp.o)
    0x08006f0e   0x08006f0e   0x0000000e   Code   RO         6012    i._is_digit         c_w.l(__printf_wp.o)
    0x08006f1c   0x08006f1c   0x00000030   Code   RO         5240    i.buffer_skip_whitespace  cjson.o
    0x08006f4c   0x08006f4c   0x00000048   Code   RO         5272    i.cJSON_Delete      cjson.o
    0x08006f94   0x08006f94   0x00000010   Code   RO         5283    i.cJSON_GetErrorPtr  cjson.o
    0x08006fa4   0x08006fa4   0x00000006   Code   RO         5285    i.cJSON_GetObjectItem  cjson.o
    0x08006faa   0x08006faa   0x00000016   Code   RO         5302    i.cJSON_New_Item    cjson.o
    0x08006fc0   0x08006fc0   0x00000008   Code   RO         5303    i.cJSON_Parse       cjson.o
    0x08006fc8   0x08006fc8   0x000000dc   Code   RO         5305    i.cJSON_ParseWithLengthOpts  cjson.o
    0x080070a4   0x080070a4   0x00000022   Code   RO         5306    i.cJSON_ParseWithOpts  cjson.o
    0x080070c6   0x080070c6   0x00000002   PAD
    0x080070c8   0x080070c8   0x0000008c   Code   RO         6419    i.frexp             m_wm.l(frexp.o)
    0x08007154   0x08007154   0x0000007a   Code   RO         5325    i.get_object_item   cjson.o
    0x080071ce   0x080071ce   0x00000002   PAD
    0x080071d0   0x080071d0   0x0000018c   Code   RO            7    i.main              main.o
    0x0800735c   0x0800735c   0x0000001a   Code   RO         4299    i.osDelay           cmsis_os2.o
    0x08007376   0x08007376   0x00000002   PAD
    0x08007378   0x08007378   0x00000024   Code   RO         4313    i.osKernelInitialize  cmsis_os2.o
    0x0800739c   0x0800739c   0x00000038   Code   RO         4316    i.osKernelStart     cmsis_os2.o
    0x080073d4   0x080073d4   0x00000098   Code   RO         4344    i.osSemaphoreNew    cmsis_os2.o
    0x0800746c   0x0800746c   0x0000008a   Code   RO         4358    i.osThreadNew       cmsis_os2.o
    0x080074f6   0x080074f6   0x000000d0   Code   RO         5327    i.parse_array       cjson.o
    0x080075c6   0x080075c6   0x00000040   Code   RO         5328    i.parse_hex4        cjson.o
    0x08007606   0x08007606   0x00000002   PAD
    0x08007608   0x08007608   0x00000100   Code   RO         5329    i.parse_number      cjson.o
    0x08007708   0x08007708   0x0000010a   Code   RO         5330    i.parse_object      cjson.o
    0x08007812   0x08007812   0x0000010c   Code   RO         5331    i.parse_string      cjson.o
    0x0800791e   0x0800791e   0x00000002   PAD
    0x08007920   0x08007920   0x000000fc   Code   RO         5332    i.parse_value       cjson.o
    0x08007a1c   0x08007a1c   0x0000005c   Code   RO         3761    i.prvAddCurrentTaskToDelayedList  tasks.o
    0x08007a78   0x08007a78   0x000000d0   Code   RO         3762    i.prvAddNewTaskToReadyList  tasks.o
    0x08007b48   0x08007b48   0x00000058   Code   RO         4126    i.prvCheckForValidListAndQueue  timers.o
    0x08007ba0   0x08007ba0   0x00000026   Code   RO         3358    i.prvCopyDataFromQueue  queue.o
    0x08007bc6   0x08007bc6   0x0000006c   Code   RO         3359    i.prvCopyDataToQueue  queue.o
    0x08007c32   0x08007c32   0x00000034   Code   RO         3763    i.prvDeleteTCB      tasks.o
    0x08007c66   0x08007c66   0x00000002   PAD
    0x08007c68   0x08007c68   0x0000004c   Code   RO         4807    i.prvHeapInit       heap_4.o
    0x08007cb4   0x08007cb4   0x00000060   Code   RO         3764    i.prvIdleTask       tasks.o
    0x08007d14   0x08007d14   0x00000022   Code   RO         3361    i.prvInitialiseNewQueue  queue.o
    0x08007d36   0x08007d36   0x00000002   PAD
    0x08007d38   0x08007d38   0x000000b0   Code   RO         3765    i.prvInitialiseNewTask  tasks.o
    0x08007de8   0x08007de8   0x0000004c   Code   RO         4808    i.prvInsertBlockIntoFreeList  heap_4.o
    0x08007e34   0x08007e34   0x00000038   Code   RO         4128    i.prvInsertTimerInActiveList  timers.o
    0x08007e6c   0x08007e6c   0x0000001c   Code   RO         3362    i.prvIsQueueEmpty   queue.o
    0x08007e88   0x08007e88   0x000000fc   Code   RO         4129    i.prvProcessReceivedCommands  timers.o
    0x08007f84   0x08007f84   0x000000c0   Code   RO         4130    i.prvProcessTimerOrBlockTask  timers.o
    0x08008044   0x08008044   0x00000020   Code   RO         3767    i.prvResetNextTaskUnblockTime  tasks.o
    0x08008064   0x08008064   0x00000028   Code   RO         4131    i.prvSampleTimeNow  timers.o
    0x0800808c   0x0800808c   0x0000006c   Code   RO         4132    i.prvSwitchTimerLists  timers.o
    0x080080f8   0x080080f8   0x00000028   Code   RO         4863    i.prvTaskExitError  port.o
    0x08008120   0x08008120   0x00000024   Code   RO         4133    i.prvTimerTask      timers.o
    0x08008144   0x08008144   0x0000006a   Code   RO         3363    i.prvUnlockQueue    queue.o
    0x080081ae   0x080081ae   0x00000002   PAD
    0x080081b0   0x080081b0   0x000000dc   Code   RO         4809    i.pvPortMalloc      heap_4.o
    0x0800828c   0x0800828c   0x0000002c   Code   RO         4864    i.pxPortInitialiseStack  port.o
    0x080082b8   0x080082b8   0x000000d2   Code   RO         5341    i.utf16_literal_to_utf8  cjson.o
    0x0800838a   0x0800838a   0x00000026   Code   RO         3318    i.uxListRemove      list.o
    0x080083b0   0x080083b0   0x00000014   Code   RO         4370    i.vApplicationGetIdleTaskMemory  cmsis_os2.o
    0x080083c4   0x080083c4   0x00000018   Code   RO         4371    i.vApplicationGetTimerTaskMemory  cmsis_os2.o
    0x080083dc   0x080083dc   0x00000016   Code   RO         3319    i.vListInitialise   list.o
    0x080083f2   0x080083f2   0x00000006   Code   RO         3320    i.vListInitialiseItem  list.o
    0x080083f8   0x080083f8   0x00000030   Code   RO         3321    i.vListInsert       list.o
    0x08008428   0x08008428   0x00000018   Code   RO         3322    i.vListInsertEnd    list.o
    0x08008440   0x08008440   0x00000040   Code   RO         4866    i.vPortEnterCritical  port.o
    0x08008480   0x08008480   0x00000028   Code   RO         4867    i.vPortExitCritical  port.o
    0x080084a8   0x080084a8   0x00000064   Code   RO         4810    i.vPortFree         heap_4.o
    0x0800850c   0x0800850c   0x00000024   Code   RO         4868    i.vPortSetupTimerInterrupt  port.o
    0x08008530   0x08008530   0x00000054   Code   RO         4869    i.vPortValidateInterruptPriority  port.o
    0x08008584   0x08008584   0x00000028   Code   RO         3369    i.vQueueAddToRegistry  queue.o
    0x080085ac   0x080085ac   0x0000002e   Code   RO         3370    i.vQueueDelete      queue.o
    0x080085da   0x080085da   0x00000002   PAD
    0x080085dc   0x080085dc   0x00000028   Code   RO         3372    i.vQueueUnregisterQueue  queue.o
    0x08008604   0x08008604   0x00000044   Code   RO         3373    i.vQueueWaitForMessageRestricted  queue.o
    0x08008648   0x08008648   0x0000004c   Code   RO         3780    i.vTaskDelay        tasks.o
    0x08008694   0x08008694   0x00000010   Code   RO         3785    i.vTaskInternalSetTimeOutState  tasks.o
    0x080086a4   0x080086a4   0x0000000c   Code   RO         3786    i.vTaskMissedYield  tasks.o
    0x080086b0   0x080086b0   0x00000030   Code   RO         3788    i.vTaskPlaceOnEventList  tasks.o
    0x080086e0   0x080086e0   0x00000038   Code   RO         3789    i.vTaskPlaceOnEventListRestricted  tasks.o
    0x08008718   0x08008718   0x00000088   Code   RO         3797    i.vTaskStartScheduler  tasks.o
    0x080087a0   0x080087a0   0x00000010   Code   RO         3799    i.vTaskSuspendAll   tasks.o
    0x080087b0   0x080087b0   0x00000064   Code   RO         3800    i.vTaskSwitchContext  tasks.o
    0x08008814   0x08008814   0x000000f4   Code   RO         4870    i.xPortStartScheduler  port.o
    0x08008908   0x08008908   0x0000002c   Code   RO         4871    i.xPortSysTickHandler  port.o
    0x08008934   0x08008934   0x0000003a   Code   RO         3374    i.xQueueCreateCountingSemaphore  queue.o
    0x0800896e   0x0800896e   0x00000040   Code   RO         3375    i.xQueueCreateCountingSemaphoreStatic  queue.o
    0x080089ae   0x080089ae   0x00000042   Code   RO         3378    i.xQueueGenericCreate  queue.o
    0x080089f0   0x080089f0   0x00000066   Code   RO         3379    i.xQueueGenericCreateStatic  queue.o
    0x08008a56   0x08008a56   0x00000002   PAD
    0x08008a58   0x08008a58   0x00000088   Code   RO         3380    i.xQueueGenericReset  queue.o
    0x08008ae0   0x08008ae0   0x00000160   Code   RO         3381    i.xQueueGenericSend  queue.o
    0x08008c40   0x08008c40   0x000000be   Code   RO         3382    i.xQueueGenericSendFromISR  queue.o
    0x08008cfe   0x08008cfe   0x0000009c   Code   RO         3385    i.xQueueGiveFromISR  queue.o
    0x08008d9a   0x08008d9a   0x00000002   PAD
    0x08008d9c   0x08008d9c   0x00000138   Code   RO         3391    i.xQueueReceive     queue.o
    0x08008ed4   0x08008ed4   0x0000009a   Code   RO         3392    i.xQueueReceiveFromISR  queue.o
    0x08008f6e   0x08008f6e   0x00000002   PAD
    0x08008f70   0x08008f70   0x00000074   Code   RO         3802    i.xTaskCheckForTimeOut  tasks.o
    0x08008fe4   0x08008fe4   0x0000005a   Code   RO         3803    i.xTaskCreate       tasks.o
    0x0800903e   0x0800903e   0x00000056   Code   RO         3804    i.xTaskCreateStatic  tasks.o
    0x08009094   0x08009094   0x0000001c   Code   RO         3808    i.xTaskGetSchedulerState  tasks.o
    0x080090b0   0x080090b0   0x0000000c   Code   RO         3809    i.xTaskGetTickCount  tasks.o
    0x080090bc   0x080090bc   0x000000c8   Code   RO         3811    i.xTaskIncrementTick  tasks.o
    0x08009184   0x08009184   0x00000080   Code   RO         3814    i.xTaskPriorityDisinherit  tasks.o
    0x08009204   0x08009204   0x00000070   Code   RO         3816    i.xTaskRemoveFromEventList  tasks.o
    0x08009274   0x08009274   0x000000c4   Code   RO         3817    i.xTaskResumeAll    tasks.o
    0x08009338   0x08009338   0x00000060   Code   RO         4142    i.xTimerCreateTimerTask  timers.o
    0x08009398   0x08009398   0x00000068   Code   RO         4143    i.xTimerGenericCommand  timers.o
    0x08009400   0x08009400   0x0000002c   Code   RO         6340    locale$$code        c_w.l(lc_ctype_c.o)
    0x0800942c   0x0800942c   0x0000002c   Code   RO         6343    locale$$code        c_w.l(lc_numeric_c.o)
    0x08009458   0x08009458   0x00000062   Code   RO         6415    x$fpl$d2f           fz_wm.l(d2f.o)
    0x080094ba   0x080094ba   0x00000002   PAD
    0x080094bc   0x080094bc   0x00000010   Code   RO         6518    x$fpl$dcheck1       fz_wm.l(dcheck1.o)
    0x080094cc   0x080094cc   0x00000018   Code   RO         6245    x$fpl$dcmpinf       fz_wm.l(dcmpi.o)
    0x080094e4   0x080094e4   0x00000078   Code   RO         6068    x$fpl$deqf          fz_wm.l(deqf.o)
    0x0800955c   0x0800955c   0x0000005e   Code   RO         6070    x$fpl$dfix          fz_wm.l(dfix.o)
    0x080095ba   0x080095ba   0x00000002   PAD
    0x080095bc   0x080095bc   0x00000078   Code   RO         6080    x$fpl$dleqf         fz_wm.l(dleqf.o)
    0x08009634   0x08009634   0x00000154   Code   RO         6082    x$fpl$dmul          fz_wm.l(dmul.o)
    0x08009788   0x08009788   0x0000009c   Code   RO         6247    x$fpl$dnaninf       fz_wm.l(dnaninf.o)
    0x08009824   0x08009824   0x0000000c   Code   RO         6249    x$fpl$dretinf       fz_wm.l(dretinf.o)
    0x08009830   0x08009830   0x0000006c   Code   RO         6084    x$fpl$drleqf        fz_wm.l(drleqf.o)
    0x0800989c   0x0800989c   0x0000000a   Code   RO         6358    x$fpl$fpinit        fz_wm.l(fpinit.o)
    0x080098a6   0x080098a6   0x0000000a   Code   RO         6455    x$fpl$fretinf       fz_wm.l(fretinf.o)
    0x080098b0   0x080098b0   0x00000006   Code   RO         6360    x$fpl$ieeestatus    fz_wm.l(istatus.o)
    0x080098b6   0x080098b6   0x00000004   Code   RO         6088    x$fpl$printf1       fz_wm.l(printf1.o)
    0x080098ba   0x080098ba   0x00000004   Code   RO         6253    x$fpl$printf2       fz_wm.l(printf2.o)
    0x080098be   0x080098be   0x00000064   Code   RO         6524    x$fpl$retnan        fz_wm.l(retnan.o)
    0x08009922   0x08009922   0x0000005c   Code   RO         6484    x$fpl$scalbn        fz_wm.l(scalbn.o)
    0x0800997e   0x0800997e   0x00000004   Code   RO         6090    x$fpl$scanf1        fz_wm.l(scanf1.o)
    0x08009982   0x08009982   0x00000008   Code   RO         6362    x$fpl$scanf2        fz_wm.l(scanf2.o)
    0x0800998a   0x0800998a   0x00000030   Code   RO         6526    x$fpl$trapveneer    fz_wm.l(trapv.o)
    0x080099ba   0x080099ba   0x00000000   Code   RO         6259    x$fpl$usenofp       fz_wm.l(usenofp.o)
    0x080099ba   0x080099ba   0x00000012   Data   RO            8    .constdata          main.o
    0x080099cc   0x080099cc   0x0000008c   Data   RO          248    .constdata          freertos.o
    0x08009a58   0x08009a58   0x00000008   Data   RO         1133    .constdata          stm32f4xx_hal_dma.o
    0x08009a60   0x08009a60   0x00000010   Data   RO         3154    .constdata          system_stm32f4xx.o
    0x08009a70   0x08009a70   0x00000008   Data   RO         3155    .constdata          system_stm32f4xx.o
    0x08009a78   0x08009a78   0x00000028   Data   RO         6000    .constdata          c_w.l(_printf_hex_int_ll_ptr.o)
    0x08009aa0   0x08009aa0   0x00000011   Data   RO         6020    .constdata          c_w.l(__printf_flags_ss_wp.o)
    0x08009ab1   0x08009ab1   0x00000003   PAD
    0x08009ab4   0x08009ab4   0x00000008   Data   RO         6160    .constdata          c_w.l(_printf_wctomb.o)
    0x08009abc   0x08009abc   0x00000026   Data   RO         6300    .constdata          c_w.l(_printf_fp_hex.o)
    0x08009ae2   0x08009ae2   0x00000002   PAD
    0x08009ae4   0x08009ae4   0x00000094   Data   RO         6313    .constdata          c_w.l(bigflt0.o)
    0x08009b78   0x08009b78   0x00000012   Data   RO            9    .conststring        main.o
    0x08009b8a   0x08009b8a   0x00000002   PAD
    0x08009b8c   0x08009b8c   0x0000003e   Data   RO          249    .conststring        freertos.o
    0x08009bca   0x08009bca   0x00000002   PAD
    0x08009bcc   0x08009bcc   0x00000020   Data   RO         6528    Region$$Table       anon$$obj.o
    0x08009bec   0x08009bec   0x00000008   Data   RO         6354    c$$dinf             fz_wm.l(fpconst.o)
    0x08009bf4   0x08009bf4   0x00000008   Data   RO         6357    c$$dmax             fz_wm.l(fpconst.o)
    0x08009bfc   0x08009bfc   0x00000110   Data   RO         6339    locale$$data        c_w.l(lc_ctype_c.o)
    0x08009d0c   0x08009d0c   0x0000001c   Data   RO         6342    locale$$data        c_w.l(lc_numeric_c.o)


    Execution Region RW_IRAM1 (Exec base: 0x20000000, Load base: 0x08009d28, Size: 0x00005b58, Max: 0x00010000, ABSOLUTE)

    Exec Addr    Load Addr    Size         Type   Attr      Idx    E Section Name        Object

    0x20000000   0x08009d28   0x00000028   Data   RW           10    .data               main.o
    0x20000028   0x08009d50   0x00000014   Data   RW          250    .data               freertos.o
    0x2000003c   0x08009d64   0x00000001   Data   RW          482    .data               stm32f4xx_it.o
    0x2000003d   0x08009d65   0x00000003   PAD
    0x20000040   0x08009d68   0x0000000c   Data   RW         1584    .data               stm32f4xx_hal.o
    0x2000004c   0x08009d74   0x00000004   Data   RW         3156    .data               system_stm32f4xx.o
    0x20000050   0x08009d78   0x0000003c   Data   RW         3820    .data               tasks.o
    0x2000008c   0x08009db4   0x00000014   Data   RW         4151    .data               timers.o
    0x200000a0   0x08009dc8   0x00000004   Data   RW         4373    .data               cmsis_os2.o
    0x200000a4   0x08009dcc   0x00000020   Data   RW         4816    .data               heap_4.o
    0x200000c4   0x08009dec   0x0000000c   Data   RW         4872    .data               port.o
    0x200000d0   0x08009df8   0x00000008   Data   RW         5129    .data               onenet.o
    0x200000d8   0x08009e00   0x00000004   Data   RW         5190    .data               esp8266.o
    0x200000dc   0x08009e04   0x00000014   Data   RW         5343    .data               cjson.o
    0x200000f0        -       0x00000120   Zero   RW          333    .bss                tim.o
    0x20000210        -       0x00000948   Zero   RW          408    .bss                usart.o
    0x20000b58        -       0x00000048   Zero   RW          599    .bss                stm32f4xx_hal_timebase_tim.o
    0x20000ba0        -       0x00000040   Zero   RW         3395    .bss                queue.o
    0x20000be0        -       0x000004c4   Zero   RW         3819    .bss                tasks.o
    0x200010a4        -       0x00000118   Zero   RW         4150    .bss                timers.o
    0x200011bc        -       0x000006b8   Zero   RW         4372    .bss                cmsis_os2.o
    0x20001874        -       0x00003c00   Zero   RW         4815    .bss                heap_4.o
    0x20005474        -       0x00000080   Zero   RW         5189    .bss                esp8266.o
    0x200054f4        -       0x00000060   Zero   RW         6263    .bss                c_w.l(libspace.o)
    0x20005554   0x08009e18   0x00000004   PAD
    0x20005558        -       0x00000200   Zero   RW         3143    HEAP                startup_stm32f401xc.o
    0x20005758        -       0x00000400   Zero   RW         3142    STACK               startup_stm32f401xc.o


==============================================================================

Image component sizes


      Code (inc. data)   RO Data    RW Data    ZI Data      Debug   Object Name

      2072         74          0         20          0      19540   cjson.o
       478         22          0          4       1720      63888   cmsis_os2.o
        60          4          0          0          0        842   dma.o
       848        354          0          4        128       5331   esp8266.o
         0          0          0          0          0      19640   event_groups.o
       260         84        202         20          0       4386   freertos.o
       208         18          0          0          0       1051   gpio.o
       472         24          0         32      15360       5055   heap_4.o
       138          0          0          0          0       3734   list.o
       852        252         36         40          0     438381   main.o
      2402         34          0          0          0      19735   mqttkit.o
      1788        884          0          8          0       8672   onenet.o
       786         82          0         12          0      11849   port.o
      2098         24          0          0         64      25330   queue.o
        64         26        404          0       1536        832   startup_stm32f401xc.o
       116         18          0         12          0       8786   stm32f4xx_hal.o
       158         14          0          0          0      33318   stm32f4xx_hal_cortex.o
      1084         16          8          0          0       7610   stm32f4xx_hal_dma.o
       506         34          0          0          0       2925   stm32f4xx_hal_gpio.o
        56          4          0          0          0        926   stm32f4xx_hal_msp.o
      1412         86          0          0          0       6097   stm32f4xx_hal_rcc.o
      2170         90          0          0          0      19401   stm32f4xx_hal_tim.o
       128         20          0          0          0       2569   stm32f4xx_hal_tim_ex.o
       116         18          0          0         72       1504   stm32f4xx_hal_timebase_tim.o
      2136         30          0          0          0      16617   stm32f4xx_hal_uart.o
       192         62          0          1          0       7575   stm32f4xx_it.o
         0          0          0          0          0        424   stream_buffer.o
        16          4         24          4          0       1211   system_stm32f4xx.o
      2084        168          0         60       1220      27680   tasks.o
       844         74          0          0        288       5497   tim.o
       972         80          0         20        280      30143   timers.o
       468         44          0          0       2376       4857   usart.o

    ----------------------------------------------------------------------
     25052       2644        710        240      23044     805406   Object Totals
         0          0         32          0          0          0   (incl. Generated)
        68          0          4          3          0          0   (incl. Padding)

    ----------------------------------------------------------------------

      Code (inc. data)   RO Data    RW Data    ZI Data      Debug   Library Member Name

        44          6          0          0          0         84   __2sprintf.o
         8          0          0          0          0         68   __main.o
       392          4         17          0          0         92   __printf_flags_ss_wp.o
        14          0          0          0          0         68   __printf_wp.o
         0          0          0          0          0          0   __rtentry.o
        12          0          0          0          0          0   __rtentry2.o
         6          0          0          0          0          0   __rtentry4.o
        52          8          0          0          0          0   __scatter.o
        26          0          0          0          0          0   __scatter_copy.o
        28          0          0          0          0          0   __scatter_zi.o
        28          0          0          0          0         68   _chval.o
         6          0          0          0          0          0   _printf_a.o
         6          0          0          0          0          0   _printf_c.o
        44          0          0          0          0        108   _printf_char.o
        48          6          0          0          0         96   _printf_char_common.o
        40          0          0          0          0         68   _printf_charcount.o
         6          0          0          0          0          0   _printf_d.o
       120         16          0          0          0         92   _printf_dec.o
         6          0          0          0          0          0   _printf_e.o
         6          0          0          0          0          0   _printf_f.o
      1054          0          0          0          0        216   _printf_fp_dec.o
       764          8         38          0          0        100   _printf_fp_hex.o
       128         16          0          0          0         84   _printf_fp_infnan.o
         6          0          0          0          0          0   _printf_g.o
       148          4         40          0          0        160   _printf_hex_int_ll_ptr.o
         6          0          0          0          0          0   _printf_i.o
       178          0          0          0          0         88   _printf_intcommon.o
        10          0          0          0          0          0   _printf_l.o
         6          0          0          0          0          0   _printf_lc.o
        10          0          0          0          0          0   _printf_ll.o
         6          0          0          0          0          0   _printf_lld.o
         6          0          0          0          0          0   _printf_lli.o
         6          0          0          0          0          0   _printf_llo.o
         6          0          0          0          0          0   _printf_llu.o
         6          0          0          0          0          0   _printf_llx.o
       124         16          0          0          0         92   _printf_longlong_dec.o
         6          0          0          0          0          0   _printf_ls.o
         6          0          0          0          0          0   _printf_n.o
         6          0          0          0          0          0   _printf_o.o
       112         10          0          0          0        124   _printf_oct_int_ll.o
         6          0          0          0          0          0   _printf_p.o
        78          0          0          0          0        108   _printf_pad.o
         0          0          0          0          0          0   _printf_percent.o
         4          0          0          0          0          0   _printf_percent_end.o
         6          0          0          0          0          0   _printf_s.o
        82          0          0          0          0         80   _printf_str.o
        36          0          0          0          0         84   _printf_truncate.o
         6          0          0          0          0          0   _printf_u.o
        44          0          0          0          0        108   _printf_wchar.o
       188          6          8          0          0         92   _printf_wctomb.o
         6          0          0          0          0          0   _printf_x.o
        22          0          0          0          0        100   _rserrno.o
        64          0          0          0          0         84   _sgetc.o
        16          0          0          0          0         68   _snputc.o
        10          0          0          0          0         68   _sputc.o
       158          0          0          0          0         92   _strtoul.o
        64          0          0          0          0         92   _wcrtomb.o
        16          0          0          0          0         68   aeabi_memset.o
        26          0          0          0          0         80   atoi.o
       228          4        148          0          0         96   bigflt0.o
      2152        136          0          0          0        960   btod.o
        10          0          0          0          0         68   defsig_exit.o
        50          0          0          0          0         88   defsig_general.o
        80         58          0          0          0         76   defsig_rtmem_inner.o
        14          0          0          0          0         80   defsig_rtmem_outer.o
        18          0          0          0          0         80   exit.o
        94          0          0          0          0         80   h1_alloc.o
        52          0          0          0          0         68   h1_extend.o
        78          0          0          0          0         80   h1_free.o
        14          0          0          0          0         84   h1_init.o
       184          0          0          0          0         92   h1_realloc.o
         6          0          0          0          0        152   heapauxi.o
         4          0          0          0          0        136   hguard.o
         0          0          0          0          0          0   indicate_semi.o
       138          0          0          0          0        168   init_alloc.o
        18          0          0          0          0         76   isspace.o
        44         10        272          0          0         76   lc_ctype_c.o
        44         10         28          0          0         76   lc_numeric_c.o
         2          0          0          0          0          0   libinit.o
        42          0          0          0          0          0   libinit2.o
         2          0          0          0          0          0   libshutdown.o
         2          0          0          0          0          0   libshutdown2.o
         8          4          0          0         96         68   libspace.o
        38          0          0          0          0         68   llshl.o
       138          0          0          0          0         80   lludiv10.o
       238          0          0          0          0        100   lludivv7m.o
         0          0          0          0          0          0   maybetermalloc1.o
        16          4          0          0          0         76   rt_ctype_table.o
         8          4          0          0          0         68   rt_errno_addr_intlibspace.o
         8          4          0          0          0         68   rt_heap_descriptor_intlibspace.o
         8          4          0          0          0         68   rt_locale_intlibspace.o
        68          0          0          0          0         68   rt_memclr.o
        78          0          0          0          0         80   rt_memclr_w.o
       138          0          0          0          0         68   rt_memcpy_v6.o
       100          0          0          0          0         80   rt_memcpy_w.o
         2          0          0          0          0          0   rtexit.o
        10          0          0          0          0          0   rtexit2.o
      1272         16          0          0          0        168   scanf_fp.o
       800         14          0          0          0        100   scanf_hexfp.o
       308         16          0          0          0        100   scanf_infnan.o
        20          0          0          0          0         68   strchr.o
       128          0          0          0          0         68   strcmpv7m.o
        62          0          0          0          0         76   strlen.o
        36          0          0          0          0         76   strncat.o
       150          0          0          0          0         80   strncmp.o
        36          0          0          0          0         80   strstr.o
       164         14          0          0          0        120   strtod.o
       112          0          0          0          0         88   strtol.o
        12          4          0          0          0         68   sys_exit.o
        74          0          0          0          0         80   sys_stackheap_outer.o
        14          0          0          0          0         76   sys_wrch.o
        26          0          0          0          0         76   tolower.o
         2          0          0          0          0         68   use_no_semi.o
        52          4          0          0          0         80   vsnprintf.o
        98          4          0          0          0        140   d2f.o
        16          4          0          0          0        116   dcheck1.o
        24          0          0          0          0        116   dcmpi.o
       120          4          0          0          0        140   deqf.o
        94          4          0          0          0        140   dfix.o
       120          4          0          0          0        140   dleqf.o
       340         12          0          0          0        152   dmul.o
       156          4          0          0          0        140   dnaninf.o
        12          0          0          0          0        116   dretinf.o
       108          0          0          0          0        128   drleqf.o
         0          0         16          0          0          0   fpconst.o
        10          0          0          0          0        116   fpinit.o
        10          0          0          0          0        116   fretinf.o
         6          0          0          0          0        116   istatus.o
         4          0          0          0          0        116   printf1.o
         4          0          0          0          0        116   printf2.o
       100          0          0          0          0        116   retnan.o
        92          0          0          0          0        116   scalbn.o
         4          0          0          0          0        116   scanf1.o
         8          0          0          0          0        132   scanf2.o
        48          0          0          0          0        116   trapv.o
         0          0          0          0          0          0   usenofp.o
        64         16          0          0          0        248   dunder.o
        48          0          0          0          0        124   fpclassify.o
       140         22          0          0          0        132   frexp.o
       228          8          0          0          0        308   ldexp.o
       266         16          0          0          0        308   narrow.o
        40         10          0          0          0        128   strtod.o

    ----------------------------------------------------------------------
     13898        516        572          0        100      11384   Library Totals
        18          2          5          0          4          0   (incl. Padding)

    ----------------------------------------------------------------------

      Code (inc. data)   RO Data    RW Data    ZI Data      Debug   Library Name

     11720        406        551          0         96       7632   c_w.l
      1374         36         16          0          0       2504   fz_wm.l
       786         72          0          0          0       1248   m_wm.l

    ----------------------------------------------------------------------
     13898        516        572          0        100      11384   Library Totals

    ----------------------------------------------------------------------

==============================================================================


      Code (inc. data)   RO Data    RW Data    ZI Data      Debug   

     38950       3160       1282        240      23144     787022   Grand Totals
     38950       3160       1282        240      23144     787022   ELF Image Totals
     38950       3160       1282        240          0          0   ROM Totals

==============================================================================

    Total RO  Size (Code + RO Data)                40232 (  39.29kB)
    Total RW  Size (RW Data + ZI Data)             23384 (  22.84kB)
    Total ROM Size (Code + RO Data + RW Data)      40472 (  39.52kB)

==============================================================================

